Archive member included to satisfy reference by file (symbol)

/home/bea/st/stm32cubeide_1.19.0/plugins/com.st.stm32cube.ide.mcu.externaltools.gnu-tools-for-stm32.13.3.rel1.linux64_1.0.0.202410170706/tools/bin/../lib/gcc/arm-none-eabi/13.3.1/../../../../arm-none-eabi/lib/thumb/v8-m.main+fp/hard/libc_nano.a(libc_a-exit.o)
                              /home/bea/st/stm32cubeide_1.19.0/plugins/com.st.stm32cube.ide.mcu.externaltools.gnu-tools-for-stm32.13.3.rel1.linux64_1.0.0.202410170706/tools/bin/../lib/gcc/arm-none-eabi/13.3.1/../../../../arm-none-eabi/lib/thumb/v8-m.main+fp/hard/crt0.o (exit)
/home/bea/st/stm32cubeide_1.19.0/plugins/com.st.stm32cube.ide.mcu.externaltools.gnu-tools-for-stm32.13.3.rel1.linux64_1.0.0.202410170706/tools/bin/../lib/gcc/arm-none-eabi/13.3.1/../../../../arm-none-eabi/lib/thumb/v8-m.main+fp/hard/libc_nano.a(libc_a-findfp.o)
                              /home/bea/st/stm32cubeide_1.19.0/plugins/com.st.stm32cube.ide.mcu.externaltools.gnu-tools-for-stm32.13.3.rel1.linux64_1.0.0.202410170706/tools/bin/../lib/gcc/arm-none-eabi/13.3.1/../../../../arm-none-eabi/lib/thumb/v8-m.main+fp/hard/libc_nano.a(libc_a-exit.o) (__stdio_exit_handler)
/home/bea/st/stm32cubeide_1.19.0/plugins/com.st.stm32cube.ide.mcu.externaltools.gnu-tools-for-stm32.13.3.rel1.linux64_1.0.0.202410170706/tools/bin/../lib/gcc/arm-none-eabi/13.3.1/../../../../arm-none-eabi/lib/thumb/v8-m.main+fp/hard/libc_nano.a(libc_a-fwalk.o)
                              /home/bea/st/stm32cubeide_1.19.0/plugins/com.st.stm32cube.ide.mcu.externaltools.gnu-tools-for-stm32.13.3.rel1.linux64_1.0.0.202410170706/tools/bin/../lib/gcc/arm-none-eabi/13.3.1/../../../../arm-none-eabi/lib/thumb/v8-m.main+fp/hard/libc_nano.a(libc_a-findfp.o) (_fwalk_sglue)
/home/bea/st/stm32cubeide_1.19.0/plugins/com.st.stm32cube.ide.mcu.externaltools.gnu-tools-for-stm32.13.3.rel1.linux64_1.0.0.202410170706/tools/bin/../lib/gcc/arm-none-eabi/13.3.1/../../../../arm-none-eabi/lib/thumb/v8-m.main+fp/hard/libc_nano.a(libc_a-stdio.o)
                              /home/bea/st/stm32cubeide_1.19.0/plugins/com.st.stm32cube.ide.mcu.externaltools.gnu-tools-for-stm32.13.3.rel1.linux64_1.0.0.202410170706/tools/bin/../lib/gcc/arm-none-eabi/13.3.1/../../../../arm-none-eabi/lib/thumb/v8-m.main+fp/hard/libc_nano.a(libc_a-findfp.o) (__sread)
/home/bea/st/stm32cubeide_1.19.0/plugins/com.st.stm32cube.ide.mcu.externaltools.gnu-tools-for-stm32.13.3.rel1.linux64_1.0.0.202410170706/tools/bin/../lib/gcc/arm-none-eabi/13.3.1/../../../../arm-none-eabi/lib/thumb/v8-m.main+fp/hard/libc_nano.a(libc_a-memset.o)
                              /home/bea/st/stm32cubeide_1.19.0/plugins/com.st.stm32cube.ide.mcu.externaltools.gnu-tools-for-stm32.13.3.rel1.linux64_1.0.0.202410170706/tools/bin/../lib/gcc/arm-none-eabi/13.3.1/../../../../arm-none-eabi/lib/thumb/v8-m.main+fp/hard/crt0.o (memset)
/home/bea/st/stm32cubeide_1.19.0/plugins/com.st.stm32cube.ide.mcu.externaltools.gnu-tools-for-stm32.13.3.rel1.linux64_1.0.0.202410170706/tools/bin/../lib/gcc/arm-none-eabi/13.3.1/../../../../arm-none-eabi/lib/thumb/v8-m.main+fp/hard/libc_nano.a(libc_a-closer.o)
                              /home/bea/st/stm32cubeide_1.19.0/plugins/com.st.stm32cube.ide.mcu.externaltools.gnu-tools-for-stm32.13.3.rel1.linux64_1.0.0.202410170706/tools/bin/../lib/gcc/arm-none-eabi/13.3.1/../../../../arm-none-eabi/lib/thumb/v8-m.main+fp/hard/libc_nano.a(libc_a-stdio.o) (_close_r)
/home/bea/st/stm32cubeide_1.19.0/plugins/com.st.stm32cube.ide.mcu.externaltools.gnu-tools-for-stm32.13.3.rel1.linux64_1.0.0.202410170706/tools/bin/../lib/gcc/arm-none-eabi/13.3.1/../../../../arm-none-eabi/lib/thumb/v8-m.main+fp/hard/libc_nano.a(libc_a-reent.o)
                              /home/bea/st/stm32cubeide_1.19.0/plugins/com.st.stm32cube.ide.mcu.externaltools.gnu-tools-for-stm32.13.3.rel1.linux64_1.0.0.202410170706/tools/bin/../lib/gcc/arm-none-eabi/13.3.1/../../../../arm-none-eabi/lib/thumb/v8-m.main+fp/hard/libc_nano.a(libc_a-closer.o) (errno)
/home/bea/st/stm32cubeide_1.19.0/plugins/com.st.stm32cube.ide.mcu.externaltools.gnu-tools-for-stm32.13.3.rel1.linux64_1.0.0.202410170706/tools/bin/../lib/gcc/arm-none-eabi/13.3.1/../../../../arm-none-eabi/lib/thumb/v8-m.main+fp/hard/libc_nano.a(libc_a-impure.o)
                              /home/bea/st/stm32cubeide_1.19.0/plugins/com.st.stm32cube.ide.mcu.externaltools.gnu-tools-for-stm32.13.3.rel1.linux64_1.0.0.202410170706/tools/bin/../lib/gcc/arm-none-eabi/13.3.1/../../../../arm-none-eabi/lib/thumb/v8-m.main+fp/hard/libc_nano.a(libc_a-reent.o) (_impure_ptr)
/home/bea/st/stm32cubeide_1.19.0/plugins/com.st.stm32cube.ide.mcu.externaltools.gnu-tools-for-stm32.13.3.rel1.linux64_1.0.0.202410170706/tools/bin/../lib/gcc/arm-none-eabi/13.3.1/../../../../arm-none-eabi/lib/thumb/v8-m.main+fp/hard/libc_nano.a(libc_a-lseekr.o)
[...]
Memory Configuration

Name             Origin             Length             Attributes
RAM              0x20040000         0x00080000         xrw
SRAM4            0x28000000         0x00004000         xrw
FLASH            0x08100000         0x00100000         xr
*default*        0x00000000         0xffffffff

Linker script and memory map

LOAD /home/bea/st/stm32cubeide_1.19.0/plugins/com.st.stm32cube.ide.mcu.externaltools.gnu-tools-for-stm32.13.3.rel1.linux64_1.0.0.202410170706/tools/bin/../lib/gcc/arm-none-eabi/13.3.1/thumb/v8-m.main+fp/hard/crti.o
LOAD /home/bea/st/stm32cubeide_1.19.0/plugins/com.st.stm32cube.ide.mcu.externaltools.gnu-tools-for-stm32.13.3.rel1.linux64_1.0.0.202410170706/tools/bin/../lib/gcc/arm-none-eabi/13.3.1/thumb/v8-m.main+fp/hard/crtbegin.o
LOAD /home/bea/st/stm32cubeide_1.19.0/plugins/com.st.stm32cube.ide.mcu.externaltools.gnu-tools-for-stm32.13.3.rel1.linux64_1.0.0.202410170706/tools/bin/../lib/gcc/arm-none-eabi/13.3.1/../../../../arm-none-eabi/lib/thumb/v8-m.main+fp/hard/crt0.o
LOAD ./Core/Src/main.o
LOAD ./Core/Src/stm32u5xx_hal_msp.o
LOAD ./Core/Src/stm32u5xx_it.o
LOAD ./Core/Src/syscalls.o
LOAD ./Core/Src/sysmem.o
LOAD ./Core/Src/system_stm32u5xx_ns.o
LOAD ./Core/Startup/startup_stm32u585aiixq.o
LOAD ./Drivers/STM32U5xx_HAL_Driver/stm32u5xx_hal.o
LOAD ./Drivers/STM32U5xx_HAL_Driver/stm32u5xx_hal_cortex.o
LOAD ./Drivers/STM32U5xx_HAL_Driver/stm32u5xx_hal_dma.o
LOAD ./Drivers/STM32U5xx_HAL_Driver/stm32u5xx_hal_dma_ex.o
LOAD ./Drivers/STM32U5xx_HAL_Driver/stm32u5xx_hal_exti.o
LOAD ./Drivers/STM32U5xx_HAL_Driver/stm32u5xx_hal_flash.o
LOAD ./Drivers/STM32U5xx_HAL_Driver/stm32u5xx_hal_flash_ex.o
LOAD ./Drivers/STM32U5xx_HAL_Driver/stm32u5xx_hal_gpio.o
LOAD ./Drivers/STM32U5xx_HAL_Driver/stm32u5xx_hal_gtzc.o
LOAD ./Drivers/STM32U5xx_HAL_Driver/stm32u5xx_hal_i2c.o
LOAD ./Drivers/STM32U5xx_HAL_Driver/stm32u5xx_hal_i2c_ex.o
LOAD ./Drivers/STM32U5xx_HAL_Driver/stm32u5xx_hal_icache.o
LOAD ./Drivers/STM32U5xx_HAL_Driver/stm32u5xx_hal_pwr.o
LOAD ./Drivers/STM32U5xx_HAL_Driver/stm32u5xx_hal_pwr_ex.o
LOAD ./Drivers/STM32U5xx_HAL_Driver/stm32u5xx_hal_rcc.o
LOAD ./Drivers/STM32U5xx_HAL_Driver/stm32u5xx_hal_rcc_ex.o
LOAD /home/bea/STM32CubeIDE/workspace_1.19.0/TrustZone_LedControl/Secure/Debug/secure_nsclib.o
START GROUP
LOAD /home/bea/st/stm32cubeide_1.19.0/plugins/com.st.stm32cube.ide.mcu.externaltools.gnu-tools-for-stm32.13.3.rel1.linux64_1.0.0.202410170706/tools/bin/../lib/gcc/arm-none-eabi/13.3.1/../../../../arm-none-eabi/lib/thumb/v8-m.main+fp/hard/libc_nano.a
LOAD /home/bea/st/stm32cubeide_1.19.0/plugins/com.st.stm32cube.ide.mcu.externaltools.gnu-tools-for-stm32.13.3.rel1.linux64_1.0.0.202410170706/tools/bin/../lib/gcc/arm-none-eabi/13.3.1/../../../../arm-none-eabi/lib/thumb/v8-m.main+fp/hard/libm.a
END GROUP
START GROUP
LOAD /home/bea/st/stm32cubeide_1.19.0/plugins/com.st.stm32cube.ide.mcu.externaltools.gnu-tools-for-stm32.13.3.rel1.linux64_1.0.0.202410170706/tools/bin/../lib/gcc/arm-none-eabi/13.3.1/thumb/v8-m.main+fp/hard/libgcc.a
LOAD /home/bea/st/stm32cubeide_1.19.0/plugins/com.st.stm32cube.ide.mcu.externaltools.gnu-tools-for-stm32.13.3.rel1.linux64_1.0.0.202410170706/tools/bin/../lib/gcc/arm-none-eabi/13.3.1/../../../../arm-none-eabi/lib/thumb/v8-m.main+fp/hard/libc_nano.a
END GROUP
START GROUP
LOAD /home/bea/st/stm32cubeide_1.19.0/plugins/com.st.stm32cube.ide.mcu.externaltools.gnu-tools-for-stm32.13.3.rel1.linux64_1.0.0.202410170706/tools/bin/../lib/gcc/arm-none-eabi/13.3.1/thumb/v8-m.main+fp/hard/libgcc.a
LOAD /home/bea/st/stm32cubeide_1.19.0/plugins/com.st.stm32cube.ide.mcu.externaltools.gnu-tools-for-stm32.13.3.rel1.linux64_1.0.0.202410170706/tools/bin/../lib/gcc/arm-none-eabi/13.3.1/../../../../arm-none-eabi/lib/thumb/v8-m.main+fp/hard/libc_nano.a
LOAD /home/bea/st/stm32cubeide_1.19.0/plugins/com.st.stm32cube.ide.mcu.externaltools.gnu-tools-for-stm32.13.3.rel1.linux64_1.0.0.202410170706/tools/bin/../lib/gcc/arm-none-eabi/13.3.1/../../../../arm-none-eabi/lib/thumb/v8-m.main+fp/hard/libnosys.a
END GROUP
START GROUP
LOAD /home/bea/st/stm32cubeide_1.19.0/plugins/com.st.stm32cube.ide.mcu.externaltools.gnu-tools-for-stm32.13.3.rel1.linux64_1.0.0.202410170706/tools/bin/../lib/gcc/arm-none-eabi/13.3.1/thumb/v8-m.main+fp/hard/libgcc.a
LOAD /home/bea/st/stm32cubeide_1.19.0/plugins/com.st.stm32cube.ide.mcu.externaltools.gnu-tools-for-stm32.13.3.rel1.linux64_1.0.0.202410170706/tools/bin/../lib/gcc/arm-none-eabi/13.3.1/../../../../arm-none-eabi/lib/thumb/v8-m.main+fp/hard/libc_nano.a
LOAD /home/bea/st/stm32cubeide_1.19.0/plugins/com.st.stm32cube.ide.mcu.externaltools.gnu-tools-for-stm32.13.3.rel1.linux64_1.0.0.202410170706/tools/bin/../lib/gcc/arm-none-eabi/13.3.1/../../../../arm-none-eabi/lib/thumb/v8-m.main+fp/hard/libnosys.a
END GROUP
LOAD /home/bea/st/stm32cubeide_1.19.0/plugins/com.st.stm32cube.ide.mcu.externaltools.gnu-tools-for-stm32.13.3.rel1.linux64_1.0.0.202410170706/tools/bin/../lib/gcc/arm-none-eabi/13.3.1/thumb/v8-m.main+fp/hard/crtend.o
LOAD /home/bea/st/stm32cubeide_1.19.0/plugins/com.st.stm32cube.ide.mcu.externaltools.gnu-tools-for-stm32.13.3.rel1.linux64_1.0.0.202410170706/tools/bin/../lib/gcc/arm-none-eabi/13.3.1/thumb/v8-m.main+fp/hard/crtn.o
                0x200c0000                        _estack = (ORIGIN (RAM) + LENGTH (RAM))
                0x00000200                        _Min_Heap_Size = 0x200
                0x00000400                        _Min_Stack_Size = 0x400

.isr_vector     0x08100000      0x238
 *(.isr_vector)
 .isr_vector    0x08100000      0x238 ./Core/Startup/startup_stm32u585aiixq.o
                0x08100000                g_pfnVectors

.text           0x08100238      0xcd0
 *(.text)
 .text          0x08100238       0x40 /home/bea/st/stm32cubeide_1.19.0/plugins/com.st.stm32cube.ide.mcu.externaltools.gnu-tools-for-stm32.13.3.rel1.linux64_1.0.0.202410170706/tools/bin/../lib/gcc/arm-none-eabi/13.3.1/thumb/v8-m.main+fp/hard/crtbegin.o
 *(.text*)
 .text.main     0x08100278       0x38 ./Core/Src/main.o
                0x08100278                main
 .text.MX_GTZC_NS_Init
                0x081002b0        0xe ./Core/Src/main.o
 *fill*         0x081002be        0x2 
 .text.MX_GPIO_Init
                0x081002c0       0xa8 ./Core/Src/main.o
 .text.HAL_MspInit
                0x08100368       0x34 ./Core/Src/stm32u5xx_hal_msp.o
                0x08100368                HAL_MspInit
 .text.MemManage_Handler
                0x0810039c        0x8 ./Core/Src/stm32u5xx_it.o
                0x0810039c                MemManage_Handler
 .text.UsageFault_Handler
                0x081003a4        0x8 ./Core/Src/stm32u5xx_it.o
                0x081003a4                UsageFault_Handler
 .text.SVC_Handler
                0x081003ac        0xe ./Core/Src/stm32u5xx_it.o
                0x081003ac                SVC_Handler
 .text.PendSV_Handler
                0x081003ba        0xe ./Core/Src/stm32u5xx_it.o
                0x081003ba                PendSV_Handler
 .text.SysTick_Handler
                0x081003c8        0xc ./Core/Src/stm32u5xx_it.o
                0x081003c8                SysTick_Handler
 .text.SystemInit
                0x081003d4        0xe ./Core/Src/system_stm32u5xx_ns.o
                0x081003d4                SystemInit
 *fill*         0x081003e2        0x2 
 .text.Reset_Handler
                0x081003e4       0x50 ./Core/Startup/startup_stm32u585aiixq.o
                0x081003e4                Reset_Handler
 .text.Default_Handler
                0x08100434        0x2 ./Core/Startup/startup_stm32u585aiixq.o
                0x08100434                EXTI2_IRQHandler
                0x08100434                TIM8_TRG_COM_IRQHandler
                0x08100434                TIM8_CC_IRQHandler
                0x08100434                EXTI5_IRQHandler
                0x08100434                DebugMon_Handler
                0x08100434                FLASH_S_IRQHandler
                0x08100434                EXTI13_IRQHandler
                0x08100434                TIM1_CC_IRQHandler
                0x08100434                TSC_IRQHandler
                0x08100434                HardFault_Handler
                0x08100434                TAMP_IRQHandler
                0x08100434                TIM6_IRQHandler
                0x08100434                EXTI12_IRQHandler
                0x08100434                CORDIC_IRQHandler
                0x08100434                NMI_Handler
                0x08100434                EXTI3_IRQHandler
                0x08100434                LPTIM4_IRQHandler
                0x08100434                GPDMA1_Channel5_IRQHandler
                0x08100434                EXTI8_IRQHandler
                0x08100434                LPTIM2_IRQHandler
                0x08100434                I2C3_ER_IRQHandler
                0x08100434                PWR_S3WU_IRQHandler
                0x08100434                MDF1_FLT2_IRQHandler
                0x08100434                LPDMA1_Channel3_IRQHandler
                0x08100434                LPTIM3_IRQHandler
                0x08100434                EXTI0_IRQHandler
                0x08100434                I2C2_EV_IRQHandler
                0x08100434                FPU_IRQHandler
                0x08100434                GPDMA1_Channel3_IRQHandler
                0x08100434                GPDMA1_Channel7_IRQHandler
                0x08100434                MDF1_FLT4_IRQHandler
                0x08100434                FDCAN1_IT1_IRQHandler
                0x08100434                RAMCFG_IRQHandler
                0x08100434                GPDMA1_Channel9_IRQHandler
                0x08100434                DCACHE1_IRQHandler
                0x08100434                SPI1_IRQHandler
                0x08100434                OCTOSPI1_IRQHandler
                0x08100434                GPDMA1_Channel2_IRQHandler
                0x08100434                TIM8_UP_IRQHandler
                0x08100434                RCC_S_IRQHandler
                0x08100434                OCTOSPI2_IRQHandler
                0x08100434                SAI2_IRQHandler
                0x08100434                MDF1_FLT1_IRQHandler
                0x08100434                ADC1_IRQHandler
                0x08100434                PKA_IRQHandler
                0x08100434                MDF1_FLT5_IRQHandler
                0x08100434                EXTI15_IRQHandler
                0x08100434                TIM17_IRQHandler
                0x08100434                USART3_IRQHandler
                0x08100434                RTC_IRQHandler
                0x08100434                EXTI9_IRQHandler
                0x08100434                UART5_IRQHandler
                0x08100434                TIM4_IRQHandler
                0x08100434                I2C1_EV_IRQHandler
                0x08100434                GPDMA1_Channel12_IRQHandler
                0x08100434                GPDMA1_Channel1_IRQHandler
                0x08100434                TIM16_IRQHandler
                0x08100434                GPDMA1_Channel15_IRQHandler
                0x08100434                UART4_IRQHandler
                0x08100434                SecureFault_Handler
                0x08100434                TIM3_IRQHandler
                0x08100434                RCC_IRQHandler
                0x08100434                TIM1_TRG_COM_IRQHandler
                0x08100434                Default_Handler
                0x08100434                GPDMA1_Channel8_IRQHandler
                0x08100434                FMAC_IRQHandler
                0x08100434                OTFDEC1_IRQHandler
                0x08100434                GPDMA1_Channel11_IRQHandler
                0x08100434                TIM7_IRQHandler
                0x08100434                SDMMC1_IRQHandler
                0x08100434                SAES_IRQHandler
                0x08100434                TIM5_IRQHandler
                0x08100434                UCPD1_IRQHandler
                0x08100434                GPDMA1_Channel0_IRQHandler
                0x08100434                TIM15_IRQHandler
                0x08100434                I2C3_EV_IRQHandler
                0x08100434                LPDMA1_Channel0_IRQHandler
                0x08100434                PVD_PVM_IRQHandler
                0x08100434                SPI2_IRQHandler
                0x08100434                LPDMA1_Channel1_IRQHandler
                0x08100434                EXTI14_IRQHandler
                0x08100434                EXTI11_IRQHandler
                0x08100434                OTFDEC2_IRQHandler
                0x08100434                CRS_IRQHandler
                0x08100434                GPDMA1_Channel14_IRQHandler
                0x08100434                LSECSSD_IRQHandler
                0x08100434                EXTI4_IRQHandler
                0x08100434                RTC_S_IRQHandler
                0x08100434                GPDMA1_Channel13_IRQHandler
                0x08100434                RNG_IRQHandler
                0x08100434                COMP_IRQHandler
                0x08100434                TIM1_UP_IRQHandler
                0x08100434                ADC4_IRQHandler
                0x08100434                WWDG_IRQHandler
                0x08100434                I2C4_EV_IRQHandler
                0x08100434                ADF1_IRQHandler
                0x08100434                IWDG_IRQHandler
                0x08100434                LPUART1_IRQHandler
                0x08100434                MDF1_FLT0_IRQHandler
                0x08100434                FDCAN1_IT0_IRQHandler
                0x08100434                TIM2_IRQHandler
                0x08100434                GPDMA1_Channel4_IRQHandler
                0x08100434                EXTI7_IRQHandler
                0x08100434                DMA2D_IRQHandler
                0x08100434                TIM1_BRK_IRQHandler
                0x08100434                EXTI1_IRQHandler
                0x08100434                SDMMC2_IRQHandler
                0x08100434                AES_IRQHandler
                0x08100434                DAC1_IRQHandler
                0x08100434                GTZC_IRQHandler
                0x08100434                MDF1_FLT3_IRQHandler
                0x08100434                USART2_IRQHandler
                0x08100434                GPDMA1_Channel6_IRQHandler
                0x08100434                I2C2_ER_IRQHandler
                0x08100434                TIM8_BRK_IRQHandler
                0x08100434                FLASH_IRQHandler
                0x08100434                BusFault_Handler
                0x08100434                USART1_IRQHandler
                0x08100434                EXTI10_IRQHandler
                0x08100434                OTG_FS_IRQHandler
                0x08100434                SPI3_IRQHandler
                0x08100434                LPDMA1_Channel2_IRQHandler
                0x08100434                I2C1_ER_IRQHandler
                0x08100434                FMC_IRQHandler
                0x08100434                EXTI6_IRQHandler
                0x08100434                LPTIM1_IRQHandler
                0x08100434                DCMI_PSSI_IRQHandler
                0x08100434                I2C4_ER_IRQHandler
                0x08100434                GPDMA1_Channel10_IRQHandler
                0x08100434                ICACHE_IRQHandler
                0x08100434                SAI1_IRQHandler
                0x08100434                HASH_IRQHandler
 *fill*         0x08100436        0x2 
 .text.HAL_Init
                0x08100438       0x60 ./Drivers/STM32U5xx_HAL_Driver/stm32u5xx_hal.o
                0x08100438                HAL_Init
 .text.HAL_InitTick
                0x08100498       0xec ./Drivers/STM32U5xx_HAL_Driver/stm32u5xx_hal.o
                0x08100498                HAL_InitTick
 .text.HAL_IncTick
                0x08100584       0x28 ./Drivers/STM32U5xx_HAL_Driver/stm32u5xx_hal.o
                0x08100584                HAL_IncTick
 .text.__NVIC_SetPriorityGrouping
                0x081005ac       0x48 ./Drivers/STM32U5xx_HAL_Driver/stm32u5xx_hal_cortex.o
 .text.__NVIC_GetPriorityGrouping
                0x081005f4       0x1c ./Drivers/STM32U5xx_HAL_Driver/stm32u5xx_hal_cortex.o
 .text.__NVIC_SetPriority
                0x08100610       0x54 ./Drivers/STM32U5xx_HAL_Driver/stm32u5xx_hal_cortex.o
 .text.NVIC_EncodePriority
                0x08100664       0x66 ./Drivers/STM32U5xx_HAL_Driver/stm32u5xx_hal_cortex.o
 .text.HAL_NVIC_SetPriorityGrouping
                0x081006ca       0x16 ./Drivers/STM32U5xx_HAL_Driver/stm32u5xx_hal_cortex.o
                0x081006ca                HAL_NVIC_SetPriorityGrouping
 .text.HAL_NVIC_SetPriority
                0x081006e0       0x34 ./Drivers/STM32U5xx_HAL_Driver/stm32u5xx_hal_cortex.o
                0x081006e0                HAL_NVIC_SetPriority
 .text.HAL_SYSTICK_Config
                0x08100714       0x44 ./Drivers/STM32U5xx_HAL_Driver/stm32u5xx_hal_cortex.o
                0x08100714                HAL_SYSTICK_Config
 .text.HAL_SYSTICK_CLKSourceConfig
                0x08100758       0xb0 ./Drivers/STM32U5xx_HAL_Driver/stm32u5xx_hal_cortex.o
                0x08100758                HAL_SYSTICK_CLKSourceConfig
 .text.HAL_SYSTICK_GetCLKSourceConfig
                0x08100808       0x74 ./Drivers/STM32U5xx_HAL_Driver/stm32u5xx_hal_cortex.o
                0x08100808                HAL_SYSTICK_GetCLKSourceConfig
 .text.HAL_GPIO_Init
                0x0810087c      0x3c0 ./Drivers/STM32U5xx_HAL_Driver/stm32u5xx_hal_gpio.o
                0x0810087c                HAL_GPIO_Init
 .text.HAL_GPIO_ReadPin
                0x08100c3c       0x30 ./Drivers/STM32U5xx_HAL_Driver/stm32u5xx_hal_gpio.o
                0x08100c3c                HAL_GPIO_ReadPin
 .text.HAL_GPIO_WritePin
                0x08100c6c       0x30 ./Drivers/STM32U5xx_HAL_Driver/stm32u5xx_hal_gpio.o
                0x08100c6c                HAL_GPIO_WritePin
 .text.HAL_RCC_GetSysClockFreq
                0x08100c9c      0x204 ./Drivers/STM32U5xx_HAL_Driver/stm32u5xx_hal_rcc.o
                0x08100c9c                HAL_RCC_GetSysClockFreq
 .text.__libc_init_array
                0x08100ea0       0x48 /home/bea/st/stm32cubeide_1.19.0/plugins/com.st.stm32cube.ide.mcu.externaltools.gnu-tools-for-stm32.13.3.rel1.linux64_1.0.0.202410170706/tools/bin/../lib/gcc/arm-none-eabi/13.3.1/../../../../arm-none-eabi/lib/thumb/v8-m.main+fp/hard/libc_nano.a(libc_a-init.o)
                0x08100ea0                __libc_init_array
 *(.glue_7)
 .glue_7        0x08100ee8        0x0 linker stubs
 *(.glue_7t)
 .glue_7t       0x08100ee8        0x0 linker stubs
 *(.eh_frame)
 .eh_frame      0x08100ee8        0x0 /home/bea/st/stm32cubeide_1.19.0/plugins/com.st.stm32cube.ide.mcu.externaltools.gnu-tools-for-stm32.13.3.rel1.linux64_1.0.0.202410170706/tools/bin/../lib/gcc/arm-none-eabi/13.3.1/thumb/v8-m.main+fp/hard/crtbegin.o
 *(.init)
 .init          0x08100ee8        0x4 /home/bea/st/stm32cubeide_1.19.0/plugins/com.st.stm32cube.ide.mcu.externaltools.gnu-tools-for-stm32.13.3.rel1.linux64_1.0.0.202410170706/tools/bin/../lib/gcc/arm-none-eabi/13.3.1/thumb/v8-m.main+fp/hard/crti.o
                0x08100ee8                _init
 .init          0x08100eec        0x8 /home/bea/st/stm32cubeide_1.19.0/plugins/com.st.stm32cube.ide.mcu.externaltools.gnu-tools-for-stm32.13.3.rel1.linux64_1.0.0.202410170706/tools/bin/../lib/gcc/arm-none-eabi/13.3.1/thumb/v8-m.main+fp/hard/crtn.o
 *(.fini)
 .fini          0x08100ef4        0x4 /home/bea/st/stm32cubeide_1.19.0/plugins/com.st.stm32cube.ide.mcu.externaltools.gnu-tools-for-stm32.13.3.rel1.linux64_1.0.0.202410170706/tools/bin/../lib/gcc/arm-none-eabi/13.3.1/thumb/v8-m.main+fp/hard/crti.o
                0x08100ef4                _fini
 .fini          0x08100ef8        0x8 /home/bea/st/stm32cubeide_1.19.0/plugins/com.st.stm32cube.ide.mcu.externaltools.gnu-tools-for-stm32.13.3.rel1.linux64_1.0.0.202410170706/tools/bin/../lib/gcc/arm-none-eabi/13.3.1/thumb/v8-m.main+fp/hard/crtn.o
 .fini.__stub   0x08100f00        0x8 linker stubs
                0x08100f08                        _etext = .

.vfp11_veneer   0x08100f08        0x0
 .vfp11_veneer  0x08100f08        0x0 linker stubs

.v4_bx          0x08100f08        0x0
 .v4_bx         0x08100f08        0x0 linker stubs

.iplt           0x08100f08        0x0
 .iplt          0x08100f08        0x0 /home/bea/st/stm32cubeide_1.19.0/plugins/com.st.stm32cube.ide.mcu.externaltools.gnu-tools-for-stm32.13.3.rel1.linux64_1.0.0.202410170706/tools/bin/../lib/gcc/arm-none-eabi/13.3.1/thumb/v8-m.main+fp/hard/crtbegin.o

.rodata         0x08100f08       0xd0
 *(.rodata)
 *(.rodata*)
 .rodata.AHBPrescTable
                0x08100f08       0x10 ./Core/Src/system_stm32u5xx_ns.o
                0x08100f08                AHBPrescTable
 .rodata.MSIRangeTable
                0x08100f18       0x40 ./Core/Src/system_stm32u5xx_ns.o
                0x08100f18                MSIRangeTable
 .rodata.LPGPIO_Map
                0x08100f58       0x80 ./Drivers/STM32U5xx_HAL_Driver/stm32u5xx_hal_gpio.o

.ARM.extab
 *(.ARM.extab* .gnu.linkonce.armextab.*)

.ARM            0x08100fd8        0x0
                0x08100fd8                        __exidx_start = .
 *(.ARM.exidx*)
                0x08100fd8                        __exidx_end = .

.preinit_array  0x08100fd8        0x0
                0x08100fd8                        PROVIDE (__preinit_array_start = .)
 *(.preinit_array*)
                0x08100fd8                        PROVIDE (__preinit_array_end = .)

.init_array     0x08100fd8        0x4
                0x08100fd8                        PROVIDE (__init_array_start = .)
 *(SORT_BY_NAME(.init_array.*))
 *(.init_array*)
 .init_array    0x08100fd8        0x4 /home/bea/st/stm32cubeide_1.19.0/plugins/com.st.stm32cube.ide.mcu.externaltools.gnu-tools-for-stm32.13.3.rel1.linux64_1.0.0.202410170706/tools/bin/../lib/gcc/arm-none-eabi/13.3.1/thumb/v8-m.main+fp/hard/crtbegin.o
                0x08100fdc                        PROVIDE (__init_array_end = .)

.fini_array     0x08100fdc        0x4
                [!provide]                        PROVIDE (__fini_array_start = .)
 *(SORT_BY_NAME(.fini_array.*))
 *(.fini_array*)
 .fini_array    0x08100fdc        0x4 /home/bea/st/stm32cubeide_1.19.0/plugins/com.st.stm32cube.ide.mcu.externaltools.gnu-tools-for-stm32.13.3.rel1.linux64_1.0.0.202410170706/tools/bin/../lib/gcc/arm-none-eabi/13.3.1/thumb/v8-m.main+fp/hard/crtbegin.o
                [!provide]                        PROVIDE (__fini_array_end = .)
                0x08100fe0                        _sidata = LOADADDR (.data)

.rel.dyn        0x08100fe0        0x0
 .rel.iplt      0x08100fe0        0x0 /home/bea/st/stm32cubeide_1.19.0/plugins/com.st.stm32cube.ide.mcu.externaltools.gnu-tools-for-stm32.13.3.rel1.linux64_1.0.0.202410170706/tools/bin/../lib/gcc/arm-none-eabi/13.3.1/thumb/v8-m.main+fp/hard/crtbegin.o

.data           0x20040000        0x9 load address 0x08100fe0
                0x20040000                        _sdata = .
 *(.data)
 *(.data*)
 .data.SystemCoreClock
                0x20040000        0x4 ./Core/Src/system_stm32u5xx_ns.o
                0x20040000                SystemCoreClock
 .data.uwTickPrio
                0x20040004        0x4 ./Drivers/STM32U5xx_HAL_Driver/stm32u5xx_hal.o
                0x20040004                uwTickPrio
 .data.uwTickFreq
                0x20040008        0x1 ./Drivers/STM32U5xx_HAL_Driver/stm32u5xx_hal.o
                0x20040008                uwTickFreq
 *(.RamFunc)
 *(.RamFunc*)
                0x20040009                        _edata = .

.igot.plt       0x2004000c        0x0 load address 0x08100fe9
 .igot.plt      0x2004000c        0x0 /home/bea/st/stm32cubeide_1.19.0/plugins/com.st.stm32cube.ide.mcu.externaltools.gnu-tools-for-stm32.13.3.rel1.linux64_1.0.0.202410170706/tools/bin/../lib/gcc/arm-none-eabi/13.3.1/thumb/v8-m.main+fp/hard/crtbegin.o

.bss            0x2004000c       0x20 load address 0x08100fe9
                0x2004000c                        _sbss = .
                0x2004000c                        __bss_start__ = _sbss
 *(.bss)
 .bss           0x2004000c       0x1c /home/bea/st/stm32cubeide_1.19.0/plugins/com.st.stm32cube.ide.mcu.externaltools.gnu-tools-for-stm32.13.3.rel1.linux64_1.0.0.202410170706/tools/bin/../lib/gcc/arm-none-eabi/13.3.1/thumb/v8-m.main+fp/hard/crtbegin.o
 *(.bss*)
 .bss.uwTick    0x20040028        0x4 ./Drivers/STM32U5xx_HAL_Driver/stm32u5xx_hal.o
                0x20040028                uwTick
 *(COMMON)
                0x2004002c                        _ebss = .
                0x2004002c                        __bss_end__ = _ebss

._user_heap_stack
                0x2004002c      0x604 load address 0x08100fe9
                0x20040030                        . = ALIGN (0x8)
 *fill*         0x2004002c        0x4 
                [!provide]                        PROVIDE (end = .)
                0x20040030                        PROVIDE (_end = .)
                0x20040230                        . = (. + _Min_Heap_Size)
 *fill*         0x20040030      0x200 
                0x20040630                        . = (. + _Min_Stack_Size)
 *fill*         0x20040230      0x400 
                0x20040630                        . = ALIGN (0x8)

/DISCARD/
 libc.a(*)
 libm.a(*)
 libgcc.a(*)

.ARM.attributes
                0x00000000       0x36
 *(.ARM.attributes)
 .ARM.attributes
                0x00000000       0x26 /home/bea/st/stm32cubeide_1.19.0/plugins/com.st.stm32cube.ide.mcu.externaltools.gnu-tools-for-stm32.13.3.rel1.linux64_1.0.0.202410170706/tools/bin/../lib/gcc/arm-none-eabi/13.3.1/thumb/v8-m.main+fp/hard/crti.o
 .ARM.attributes
                0x00000026       0x38 /home/bea/st/stm32cubeide_1.19.0/plugins/com.st.stm32cube.ide.mcu.externaltools.gnu-tools-for-stm32.13.3.rel1.linux64_1.0.0.202410170706/tools/bin/../lib/gcc/arm-none-eabi/13.3.1/thumb/v8-m.main+fp/hard/crtbegin.o
 .ARM.attributes
                0x0000005e       0x3a ./Core/Src/main.o
 .ARM.attributes
                0x00000098       0x3a ./Core/Src/stm32u5xx_hal_msp.o
 .ARM.attributes
                0x000000d2       0x3a ./Core/Src/stm32u5xx_it.o
 .ARM.attributes
                0x0000010c       0x3a ./Core/Src/system_stm32u5xx_ns.o
 .ARM.attributes
                0x00000146       0x24 ./Core/Startup/startup_stm32u585aiixq.o
 .ARM.attributes
                0x0000016a       0x3a ./Drivers/STM32U5xx_HAL_Driver/stm32u5xx_hal.o
 .ARM.attributes
                0x000001a4       0x3a ./Drivers/STM32U5xx_HAL_Driver/stm32u5xx_hal_cortex.o
 .ARM.attributes
                0x000001de       0x3a ./Drivers/STM32U5xx_HAL_Driver/stm32u5xx_hal_gpio.o
 .ARM.attributes
                0x00000218       0x3a ./Drivers/STM32U5xx_HAL_Driver/stm32u5xx_hal_rcc.o
 .ARM.attributes
                0x00000252       0x38 /home/bea/st/stm32cubeide_1.19.0/plugins/com.st.stm32cube.ide.mcu.externaltools.gnu-tools-for-stm32.13.3.rel1.linux64_1.0.0.202410170706/tools/bin/../lib/gcc/arm-none-eabi/13.3.1/../../../../arm-none-eabi/lib/thumb/v8-m.main+fp/hard/libc_nano.a(libc_a-init.o)
 .ARM.attributes
                0x0000028a       0x26 /home/bea/st/stm32cubeide_1.19.0/plugins/com.st.stm32cube.ide.mcu.externaltools.gnu-tools-for-stm32.13.3.rel1.linux64_1.0.0.202410170706/tools/bin/../lib/gcc/arm-none-eabi/13.3.1/thumb/v8-m.main+fp/hard/crtn.o
OUTPUT(TrustZone_LedControl_NonSecure.elf elf32-littlearm)
LOAD linker stubs
LOAD /home/bea/st/stm32cubeide_1.19.0/plugins/com.st.stm32cube.ide.mcu.externaltools.gnu-tools-for-stm32.13.3.rel1.linux64_1.0.0.202410170706/tools/bin/../lib/gcc/arm-none-eabi/13.3.1/../../../../arm-none-eabi/lib/thumb/v8-m.main+fp/hard/libc.a
LOAD /home/bea/st/stm32cubeide_1.19.0/plugins/com.st.stm32cube.ide.mcu.externaltools.gnu-tools-for-stm32.13.3.rel1.linux64_1.0.0.202410170706/tools/bin/../lib/gcc/arm-none-eabi/13.3.1/../../../../arm-none-eabi/lib/thumb/v8-m.main+fp/hard/libm.a
LOAD /home/bea/st/stm32cubeide_1.19.0/plugins/com.st.stm32cube.ide.mcu.externaltools.gnu-tools-for-stm32.13.3.rel1.linux64_1.0.0.202410170706/tools/bin/../lib/gcc/arm-none-eabi/13.3.1/thumb/v8-m.main+fp/hard/libgcc.a

.debug_info     0x00000000     0x4fe6
 .debug_info    0x00000000      0x681 ./Core/Src/main.o
 .debug_info    0x00000681      0x40c ./Core/Src/stm32u5xx_hal_msp.o
 .debug_info    0x00000a8d       0xe8 ./Core/Src/stm32u5xx_it.o
 .debug_info    0x00000b75      0x196 ./Core/Src/system_stm32u5xx_ns.o
 .debug_info    0x00000d0b       0x30 ./Core/Startup/startup_stm32u585aiixq.o
 .debug_info    0x00000d3b     0x120a ./Drivers/STM32U5xx_HAL_Driver/stm32u5xx_hal.o
 .debug_info    0x00001f45     0x1658 ./Drivers/STM32U5xx_HAL_Driver/stm32u5xx_hal_cortex.o
 .debug_info    0x0000359d      0x859 ./Drivers/STM32U5xx_HAL_Driver/stm32u5xx_hal_gpio.o
 .debug_info    0x00003df6     0x11f0 ./Drivers/STM32U5xx_HAL_Driver/stm32u5xx_hal_rcc.o

.debug_abbrev   0x00000000      0xf39
 .debug_abbrev  0x00000000      0x22a ./Core/Src/main.o
 .debug_abbrev  0x0000022a       0xde ./Core/Src/stm32u5xx_hal_msp.o
 .debug_abbrev  0x00000308       0x73 ./Core/Src/stm32u5xx_it.o
 .debug_abbrev  0x0000037b       0xbf ./Core/Src/system_stm32u5xx_ns.o
 .debug_abbrev  0x0000043a       0x24 ./Core/Startup/startup_stm32u585aiixq.o
 .debug_abbrev  0x0000045e      0x2a5 ./Drivers/STM32U5xx_HAL_Driver/stm32u5xx_hal.o
 .debug_abbrev  0x00000703      0x311 ./Drivers/STM32U5xx_HAL_Driver/stm32u5xx_hal_cortex.o
 .debug_abbrev  0x00000a14      0x25a ./Drivers/STM32U5xx_HAL_Driver/stm32u5xx_hal_gpio.o
 .debug_abbrev  0x00000c6e      0x2cb ./Drivers/STM32U5xx_HAL_Driver/stm32u5xx_hal_rcc.o

.debug_aranges  0x00000000      0x490
 .debug_aranges
                0x00000000       0x38 ./Core/Src/main.o
 .debug_aranges
                0x00000038       0x20 ./Core/Src/stm32u5xx_hal_msp.o
 .debug_aranges
                0x00000058       0x40 ./Core/Src/stm32u5xx_it.o
 .debug_aranges
                0x00000098       0x28 ./Core/Src/system_stm32u5xx_ns.o
 .debug_aranges
                0x000000c0       0x28 ./Core/Startup/startup_stm32u585aiixq.o
 .debug_aranges
                0x000000e8      0x148 ./Drivers/STM32U5xx_HAL_Driver/stm32u5xx_hal.o
 .debug_aranges
                0x00000230      0x140 ./Drivers/STM32U5xx_HAL_Driver/stm32u5xx_hal_cortex.o
 .debug_aranges
                0x00000370       0x78 ./Drivers/STM32U5xx_HAL_Driver/stm32u5xx_hal_gpio.o
 .debug_aranges
                0x000003e8       0xa8 ./Drivers/STM32U5xx_HAL_Driver/stm32u5xx_hal_rcc.o

.debug_rnglists
                0x00000000      0x34e
 .debug_rnglists
                0x00000000       0x26 ./Core/Src/main.o
 .debug_rnglists
                0x00000026       0x13 ./Core/Src/stm32u5xx_hal_msp.o
 .debug_rnglists
                0x00000039       0x2b ./Core/Src/stm32u5xx_it.o
 .debug_rnglists
                0x00000064       0x19 ./Core/Src/system_stm32u5xx_ns.o
 .debug_rnglists
                0x0000007d       0x19 ./Core/Startup/startup_stm32u585aiixq.o
 .debug_rnglists
                0x00000096       0xf3 ./Drivers/STM32U5xx_HAL_Driver/stm32u5xx_hal.o
 .debug_rnglists
                0x00000189       0xec ./Drivers/STM32U5xx_HAL_Driver/stm32u5xx_hal_cortex.o
 .debug_rnglists
                0x00000275       0x5a ./Drivers/STM32U5xx_HAL_Driver/stm32u5xx_hal_gpio.o
 .debug_rnglists
                0x000002cf       0x7f ./Drivers/STM32U5xx_HAL_Driver/stm32u5xx_hal_rcc.o

.debug_macro    0x00000000    0x30d3a
 .debug_macro   0x00000000      0x263 ./Core/Src/main.o
 .debug_macro   0x00000263      0xade ./Core/Src/main.o
 .debug_macro   0x00000d41      0x1f5 ./Core/Src/main.o
 .debug_macro   0x00000f36       0x2e ./Core/Src/main.o
 .debug_macro   0x00000f64       0x42 ./Core/Src/main.o
 .debug_macro   0x00000fa6       0x22 ./Core/Src/main.o
 .debug_macro   0x00000fc8       0x8e ./Core/Src/main.o
 .debug_macro   0x00001056       0x51 ./Core/Src/main.o
 .debug_macro   0x000010a7      0x103 ./Core/Src/main.o
 .debug_macro   0x000011aa       0x6a ./Core/Src/main.o
 .debug_macro   0x00001214      0x1df ./Core/Src/main.o
 .debug_macro   0x000013f3       0x1c ./Core/Src/main.o
 .debug_macro   0x0000140f       0x29 ./Core/Src/main.o
 .debug_macro   0x00001438       0xfb ./Core/Src/main.o
 .debug_macro   0x00001533     0x1685 ./Core/Src/main.o
 .debug_macro   0x00002bb8       0x5e ./Core/Src/main.o
 .debug_macro   0x00002c16    0x23d05 ./Core/Src/main.o
 .debug_macro   0x0002691b       0x6d ./Core/Src/main.o
 .debug_macro   0x00026988     0x393e ./Core/Src/main.o
 .debug_macro   0x0002a2c6      0x190 ./Core/Src/main.o
 .debug_macro   0x0002a456       0x61 ./Core/Src/main.o
 .debug_macro   0x0002a4b7       0x2a ./Core/Src/main.o
 .debug_macro   0x0002a4e1       0x43 ./Core/Src/main.o
 .debug_macro   0x0002a524       0x34 ./Core/Src/main.o
 .debug_macro   0x0002a558      0x370 ./Core/Src/main.o
 .debug_macro   0x0002a8c8       0x16 ./Core/Src/main.o
 .debug_macro   0x0002a8de       0x4a ./Core/Src/main.o
 .debug_macro   0x0002a928       0x34 ./Core/Src/main.o
 .debug_macro   0x0002a95c       0x10 ./Core/Src/main.o
 .debug_macro   0x0002a96c       0x58 ./Core/Src/main.o
 .debug_macro   0x0002a9c4       0x8e ./Core/Src/main.o
 .debug_macro   0x0002aa52       0x1c ./Core/Src/main.o
 .debug_macro   0x0002aa6e      0x185 ./Core/Src/main.o
 .debug_macro   0x0002abf3      0x19b ./Core/Src/main.o
 .debug_macro   0x0002ad8e       0x5d ./Core/Src/main.o
 .debug_macro   0x0002adeb     0x1bfd ./Core/Src/main.o
 .debug_macro   0x0002c9e8      0x7ff ./Core/Src/main.o
 .debug_macro   0x0002d1e7      0x166 ./Core/Src/main.o
 .debug_macro   0x0002d34d      0x2aa ./Core/Src/main.o
 .debug_macro   0x0002d5f7      0x420 ./Core/Src/main.o
 .debug_macro   0x0002da17      0x5a5 ./Core/Src/main.o
 .debug_macro   0x0002dfbc      0x439 ./Core/Src/main.o
 .debug_macro   0x0002e3f5       0xd6 ./Core/Src/main.o
 .debug_macro   0x0002e4cb      0x1cd ./Core/Src/main.o
 .debug_macro   0x0002e698      0x432 ./Core/Src/main.o
 .debug_macro   0x0002eaca       0x95 ./Core/Src/main.o
 .debug_macro   0x0002eb5f      0x11c ./Core/Src/main.o
 .debug_macro   0x0002ec7b      0x525 ./Core/Src/main.o
 .debug_macro   0x0002f1a0      0x4bf ./Core/Src/main.o
 .debug_macro   0x0002f65f      0x1c0 ./Core/Src/main.o
 .debug_macro   0x0002f81f      0x361 ./Core/Src/main.o
 .debug_macro   0x0002fb80      0x263 ./Core/Src/stm32u5xx_hal_msp.o
 .debug_macro   0x0002fde3      0x26d ./Core/Src/stm32u5xx_it.o
 .debug_macro   0x00030050      0x24f ./Core/Src/system_stm32u5xx_ns.o
 .debug_macro   0x0003029f      0x273 ./Drivers/STM32U5xx_HAL_Driver/stm32u5xx_hal.o
 .debug_macro   0x00030512      0x24f ./Drivers/STM32U5xx_HAL_Driver/stm32u5xx_hal_cortex.o
 .debug_macro   0x00030761      0x284 ./Drivers/STM32U5xx_HAL_Driver/stm32u5xx_hal_gpio.o
 .debug_macro   0x000309e5      0x355 ./Drivers/STM32U5xx_HAL_Driver/stm32u5xx_hal_rcc.o

.debug_line     0x00000000     0x5e2e
 .debug_line    0x00000000      0x821 ./Core/Src/main.o
 .debug_line    0x00000821      0x7ab ./Core/Src/stm32u5xx_hal_msp.o
 .debug_line    0x00000fcc      0x809 ./Core/Src/stm32u5xx_it.o
 .debug_line    0x000017d5      0x79a ./Core/Src/system_stm32u5xx_ns.o
 .debug_line    0x00001f6f       0x79 ./Core/Startup/startup_stm32u585aiixq.o
 .debug_line    0x00001fe8      0xc6b ./Drivers/STM32U5xx_HAL_Driver/stm32u5xx_hal.o
 .debug_line    0x00002c53      0xe15 ./Drivers/STM32U5xx_HAL_Driver/stm32u5xx_hal_cortex.o
 .debug_line    0x00003a68      0xd74 ./Drivers/STM32U5xx_HAL_Driver/stm32u5xx_hal_gpio.o
 .debug_line    0x000047dc     0x1652 ./Drivers/STM32U5xx_HAL_Driver/stm32u5xx_hal_rcc.o

.debug_str      0x00000000   0x134204
 .debug_str     0x00000000   0x134204 ./Core/Src/main.o
                             0x131e62 (size before relaxing)
 .debug_str     0x00134204   0x131d07 ./Core/Src/stm32u5xx_hal_msp.o
 .debug_str     0x00134204   0x131b14 ./Core/Src/stm32u5xx_it.o
 .debug_str     0x00134204   0x131b33 ./Core/Src/system_stm32u5xx_ns.o
 .debug_str     0x00134204       0x92 ./Core/Startup/startup_stm32u585aiixq.o
 .debug_str     0x00134204   0x132d82 ./Drivers/STM32U5xx_HAL_Driver/stm32u5xx_hal.o
 .debug_str     0x00134204   0x132b51 ./Drivers/STM32U5xx_HAL_Driver/stm32u5xx_hal_cortex.o
 .debug_str     0x00134204   0x131efb ./Drivers/STM32U5xx_HAL_Driver/stm32u5xx_hal_gpio.o
 .debug_str     0x00134204   0x1335cb ./Drivers/STM32U5xx_HAL_Driver/stm32u5xx_hal_rcc.o

.comment        0x00000000       0x43
 .comment       0x00000000       0x43 ./Core/Src/main.o
                                 0x44 (size before relaxing)
 .comment       0x00000043       0x44 ./Core/Src/stm32u5xx_hal_msp.o
 .comment       0x00000043       0x44 ./Core/Src/stm32u5xx_it.o
 .comment       0x00000043       0x44 ./Core/Src/system_stm32u5xx_ns.o
 .comment       0x00000043       0x44 ./Drivers/STM32U5xx_HAL_Driver/stm32u5xx_hal.o
 .comment       0x00000043       0x44 ./Drivers/STM32U5xx_HAL_Driver/stm32u5xx_hal_cortex.o
 .comment       0x00000043       0x44 ./Drivers/STM32U5xx_HAL_Driver/stm32u5xx_hal_gpio.o
 .comment       0x00000043       0x44 ./Drivers/STM32U5xx_HAL_Driver/stm32u5xx_hal_rcc.o

.debug_frame    0x00000000     0x10a8
 .debug_frame   0x00000000       0x88 ./Core/Src/main.o
 .debug_frame   0x00000088       0x38 ./Core/Src/stm32u5xx_hal_msp.o
 .debug_frame   0x000000c0       0x9c ./Core/Src/stm32u5xx_it.o
 .debug_frame   0x0000015c       0x4c ./Core/Src/system_stm32u5xx_ns.o
 .debug_frame   0x000001a8      0x500 ./Drivers/STM32U5xx_HAL_Driver/stm32u5xx_hal.o
 .debug_frame   0x000006a8      0x560 ./Drivers/STM32U5xx_HAL_Driver/stm32u5xx_hal_cortex.o
 .debug_frame   0x00000c08      0x1ec ./Drivers/STM32U5xx_HAL_Driver/stm32u5xx_hal_gpio.o
 .debug_frame   0x00000df4      0x288 ./Drivers/STM32U5xx_HAL_Driver/stm32u5xx_hal_rcc.o
 .debug_frame   0x0000107c       0x2c /home/bea/st/stm32cubeide_1.19.0/plugins/com.st.stm32cube.ide.mcu.externaltools.gnu-tools-for-stm32.13.3.rel1.linux64_1.0.0.202410170706/tools/bin/../lib/gcc/arm-none-eabi/13.3.1/../../../../arm-none-eabi/lib/thumb/v8-m.main+fp/hard/libc_nano.a(libc_a-init.o)

.debug_line_str
                0x00000000       0x76
 .debug_line_str
                0x00000000       0x76 ./Core/Startup/startup_stm32u585aiixq.o
