../Core/Src/main.c:78:5:main	8	static
../Core/Src/main.c:140:13:NonSecure_Init	24	static,ignoring_inline_asm
../Core/Src/main.c:160:6:SystemClock_Config	128	static
../Core/Src/main.c:214:13:SystemPower_Config	8	static
../Core/Src/main.c:238:13:MX_GTZC_S_Init	280	static
../Core/Src/main.c:392:13:MX_ICACHE_Init	8	static
../Core/Src/main.c:424:13:MX_OCTOSPI1_Init	16	static
../Core/Src/main.c:474:13:MX_OCTOSPI2_Init	16	static
../Core/Src/main.c:524:13:MX_GPIO_Init	40	static
../Core/Src/main.c:564:6:Error_Handler	4	static,ignoring_inline_asm
