/home/bea/STM32CubeIDE/workspace_1.19.0/TrustZone_LedControl/Drivers/STM32U5xx_HAL_Driver/Src/stm32u5xx_hal_gpio.c:200:6:HAL_GPIO_Init	40	static
/home/bea/STM32CubeIDE/workspace_1.19.0/TrustZone_LedControl/Drivers/STM32U5xx_HAL_Driver/Src/stm32u5xx_hal_gpio.c:373:6:HAL_GPIO_DeInit	40	static
/home/bea/STM32CubeIDE/workspace_1.19.0/TrustZone_LedControl/Drivers/STM32U5xx_HAL_Driver/Src/stm32u5xx_hal_gpio.c:475:15:HAL_GPIO_ReadPin	24	static
/home/bea/STM32CubeIDE/workspace_1.19.0/TrustZone_LedControl/Drivers/STM32U5xx_HAL_Driver/Src/stm32u5xx_hal_gpio.c:509:6:HAL_GPIO_WritePin	16	static
/home/bea/STM32CubeIDE/workspace_1.19.0/TrustZone_LedControl/Drivers/STM32U5xx_HAL_Driver/Src/stm32u5xx_hal_gpio.c:540:6:HAL_GPIO_WriteMultipleStatePin	24	static
/home/bea/STM32CubeIDE/workspace_1.19.0/TrustZone_LedControl/Drivers/STM32U5xx_HAL_Driver/Src/stm32u5xx_hal_gpio.c:561:6:HAL_GPIO_TogglePin	24	static
/home/bea/STM32CubeIDE/workspace_1.19.0/TrustZone_LedControl/Drivers/STM32U5xx_HAL_Driver/Src/stm32u5xx_hal_gpio.c:587:19:HAL_GPIO_LockPin	40	static
/home/bea/STM32CubeIDE/workspace_1.19.0/TrustZone_LedControl/Drivers/STM32U5xx_HAL_Driver/Src/stm32u5xx_hal_gpio.c:671:6:HAL_GPIO_EnableHighSPeedLowVoltage	48	static,ignoring_inline_asm
/home/bea/STM32CubeIDE/workspace_1.19.0/TrustZone_LedControl/Drivers/STM32U5xx_HAL_Driver/Src/stm32u5xx_hal_gpio.c:729:6:HAL_GPIO_DisableHighSPeedLowVoltage	48	static,ignoring_inline_asm
/home/bea/STM32CubeIDE/workspace_1.19.0/TrustZone_LedControl/Drivers/STM32U5xx_HAL_Driver/Src/stm32u5xx_hal_gpio.c:780:6:HAL_GPIO_EXTI_IRQHandler	16	static
/home/bea/STM32CubeIDE/workspace_1.19.0/TrustZone_LedControl/Drivers/STM32U5xx_HAL_Driver/Src/stm32u5xx_hal_gpio.c:801:13:HAL_GPIO_EXTI_Rising_Callback	16	static
/home/bea/STM32CubeIDE/workspace_1.19.0/TrustZone_LedControl/Drivers/STM32U5xx_HAL_Driver/Src/stm32u5xx_hal_gpio.c:816:13:HAL_GPIO_EXTI_Falling_Callback	16	static
/home/bea/STM32CubeIDE/workspace_1.19.0/TrustZone_LedControl/Drivers/STM32U5xx_HAL_Driver/Src/stm32u5xx_hal_gpio.c:854:6:HAL_GPIO_ConfigPinAttributes	40	static
/home/bea/STM32CubeIDE/workspace_1.19.0/TrustZone_LedControl/Drivers/STM32U5xx_HAL_Driver/Src/stm32u5xx_hal_gpio.c:910:19:HAL_GPIO_GetConfigPinAttributes	40	static
