Archive member included to satisfy reference by file (symbol)

/home/bea/st/stm32cubeide_1.19.0/plugins/com.st.stm32cube.ide.mcu.externaltools.gnu-tools-for-stm32.13.3.rel1.linux64_1.0.0.202410170706/tools/bin/../lib/gcc/arm-none-eabi/13.3.1/../../../../arm-none-eabi/lib/thumb/v8-m.main+fp/hard/libc_nano.a(libc_a-exit.o)
                              /home/bea/st/stm32cubeide_1.19.0/plugins/com.st.stm32cube.ide.mcu.externaltools.gnu-tools-for-stm32.13.3.rel1.linux64_1.0.0.202410170706/tools/bin/../lib/gcc/arm-none-eabi/13.3.1/../../../../arm-none-eabi/lib/thumb/v8-m.main+fp/hard/crt0.o (exit)
/home/bea/st/stm32cubeide_1.19.0/plugins/com.st.stm32cube.ide.mcu.externaltools.gnu-tools-for-stm32.13.3.rel1.linux64_1.0.0.202410170706/tools/bin/../lib/gcc/arm-none-eabi/13.3.1/../../../../arm-none-eabi/lib/thumb/v8-m.main+fp/hard/libc_nano.a(libc_a-findfp.o)
                              /home/bea/st/stm32cubeide_1.19.0/plugins/com.st.stm32cube.ide.mcu.externaltools.gnu-tools-for-stm32.13.3.rel1.linux64_1.0.0.202410170706/tools/bin/../lib/gcc/arm-none-eabi/13.3.1/../../../../arm-none-eabi/lib/thumb/v8-m.main+fp/hard/libc_nano.a(libc_a-exit.o) (__stdio_exit_handler)
/home/bea/st/stm32cubeide_1.19.0/plugins/com.st.stm32cube.ide.mcu.externaltools.gnu-tools-for-stm32.13.3.rel1.linux64_1.0.0.202410170706/tools/bin/../lib/gcc/arm-none-eabi/13.3.1/../../../../arm-none-eabi/lib/thumb/v8-m.main+fp/hard/libc_nano.a(libc_a-fwalk.o)
                              /home/bea/st/stm32cubeide_1.19.0/plugins/com.st.stm32cube.ide.mcu.externaltools.gnu-tools-for-stm32.13.3.rel1.linux64_1.0.0.202410170706/tools/bin/../lib/gcc/arm-none-eabi/13.3.1/../../../../arm-none-eabi/lib/thumb/v8-m.main+fp/hard/libc_nano.a(libc_a-findfp.o) (_fwalk_sglue)
/home/bea/st/stm32cubeide_1.19.0/plugins/com.st.stm32cube.ide.mcu.externaltools.gnu-tools-for-stm32.13.3.rel1.linux64_1.0.0.202410170706/tools/bin/../lib/gcc/arm-none-eabi/13.3.1/../../../../arm-none-eabi/lib/thumb/v8-m.main+fp/hard/libc_nano.a(libc_a-stdio.o)
                              /home/bea/st/stm32cubeide_1.19.0/plugins/com.st.stm32cube.ide.mcu.externaltools.gnu-tools-for-stm32.13.3.rel1.linux64_1.0.0.202410170706/tools/bin/../lib/gcc/arm-none-eabi/13.3.1/../../../../arm-none-eabi/lib/thumb/v8-m.main+fp/hard/libc_nano.a(libc_a-findfp.o) (__sread)
/home/bea/st/stm32cubeide_1.19.0/plugins/com.st.stm32cube.ide.mcu.externaltools.gnu-tools-for-stm32.13.3.rel1.linux64_1.0.0.202410170706/tools/bin/../lib/gcc/arm-none-eabi/13.3.1/../../../../arm-none-eabi/lib/thumb/v8-m.main+fp/hard/libc_nano.a(libc_a-memset.o)
                              /home/bea/st/stm32cubeide_1.19.0/plugins/com.st.stm32cube.ide.mcu.externaltools.gnu-tools-for-stm32.13.3.rel1.linux64_1.0.0.202410170706/tools/bin/../lib/gcc/arm-none-eabi/13.3.1/../../../../arm-none-eabi/lib/thumb/v8-m.main+fp/hard/crt0.o (memset)
/home/bea/st/stm32cubeide_1.19.0/plugins/com.st.stm32cube.ide.mcu.externaltools.gnu-tools-for-stm32.13.3.rel1.linux64_1.0.0.202410170706/tools/bin/../lib/gcc/arm-none-eabi/13.3.1/../../../../arm-none-eabi/lib/thumb/v8-m.main+fp/hard/libc_nano.a(libc_a-closer.o)
                              /home/bea/st/stm32cubeide_1.19.0/plugins/com.st.stm32cube.ide.mcu.externaltools.gnu-tools-for-stm32.13.3.rel1.linux64_1.0.0.202410170706/tools/bin/../lib/gcc/arm-none-eabi/13.3.1/../../../../arm-none-eabi/lib/thumb/v8-m.main+fp/hard/libc_nano.a(libc_a-stdio.o) (_close_r)
/home/bea/st/stm32cubeide_1.19.0/plugins/com.st.stm32cube.ide.mcu.externaltools.gnu-tools-for-stm32.13.3.rel1.linux64_1.0.0.202410170706/tools/bin/../lib/gcc/arm-none-eabi/13.3.1/../../../../arm-none-eabi/lib/thumb/v8-m.main+fp/hard/libc_nano.a(libc_a-reent.o)
                              /home/bea/st/stm32cubeide_1.19.0/plugins/com.st.stm32cube.ide.mcu.externaltools.gnu-tools-for-stm32.13.3.rel1.linux64_1.0.0.202410170706/tools/bin/../lib/gcc/arm-none-eabi/13.3.1/../../../../arm-none-eabi/lib/thumb/v8-m.main+fp/hard/libc_nano.a(libc_a-closer.o) (errno)
/home/bea/st/stm32cubeide_1.19.0/plugins/com.st.stm32cube.ide.mcu.externaltools.gnu-tools-for-stm32.13.3.rel1.linux64_1.0.0.202410170706/tools/bin/../lib/gcc/arm-none-eabi/13.3.1/../../../../arm-none-eabi/lib/thumb/v8-m.main+fp/hard/libc_nano.a(libc_a-impure.o)
                              /home/bea/st/stm32cubeide_1.19.0/plugins/com.st.stm32cube.ide.mcu.externaltools.gnu-tools-for-stm32.13.3.rel1.linux64_1.0.0.202410170706/tools/bin/../lib/gcc/arm-none-eabi/13.3.1/../../../../arm-none-eabi/lib/thumb/v8-m.main+fp/hard/libc_nano.a(libc_a-reent.o) (_impure_ptr)
/home/bea/st/stm32cubeide_1.19.0/plugins/com.st.stm32cube.ide.mcu.externaltools.gnu-tools-for-stm32.13.3.rel1.linux64_1.0.0.202410170706/tools/bin/../lib/gcc/arm-none-eabi/13.3.1/../../../../arm-none-eabi/lib/thumb/v8-m.main+fp/hard/libc_nano.a(libc_a-lseekr.o)
[...]
Memory Configuration

Name             Origin             Length             Attributes
RAM              0x30000000         0x00040000         xrw
SRAM4            0x38000000         0x00004000         xrw
FLASH            0x0c000000         0x000fe000         xr
FLASH_NSC        0x0c0fe000         0x00002000         xr
*default*        0x00000000         0xffffffff

Linker script and memory map

LOAD /home/bea/st/stm32cubeide_1.19.0/plugins/com.st.stm32cube.ide.mcu.externaltools.gnu-tools-for-stm32.13.3.rel1.linux64_1.0.0.202410170706/tools/bin/../lib/gcc/arm-none-eabi/13.3.1/thumb/v8-m.main+fp/hard/crti.o
LOAD /home/bea/st/stm32cubeide_1.19.0/plugins/com.st.stm32cube.ide.mcu.externaltools.gnu-tools-for-stm32.13.3.rel1.linux64_1.0.0.202410170706/tools/bin/../lib/gcc/arm-none-eabi/13.3.1/thumb/v8-m.main+fp/hard/crtbegin.o
LOAD /home/bea/st/stm32cubeide_1.19.0/plugins/com.st.stm32cube.ide.mcu.externaltools.gnu-tools-for-stm32.13.3.rel1.linux64_1.0.0.202410170706/tools/bin/../lib/gcc/arm-none-eabi/13.3.1/../../../../arm-none-eabi/lib/thumb/v8-m.main+fp/hard/crt0.o
LOAD ./Core/Src/main.o
LOAD ./Core/Src/secure_nsc.o
LOAD ./Core/Src/stm32u5xx_hal_msp.o
LOAD ./Core/Src/stm32u5xx_it.o
LOAD ./Core/Src/syscalls.o
LOAD ./Core/Src/sysmem.o
LOAD ./Core/Src/system_stm32u5xx_s.o
LOAD ./Core/Startup/startup_stm32u585aiixq.o
LOAD ./Drivers/STM32U5xx_HAL_Driver/stm32u5xx_hal.o
LOAD ./Drivers/STM32U5xx_HAL_Driver/stm32u5xx_hal_cortex.o
LOAD ./Drivers/STM32U5xx_HAL_Driver/stm32u5xx_hal_dma.o
LOAD ./Drivers/STM32U5xx_HAL_Driver/stm32u5xx_hal_dma_ex.o
LOAD ./Drivers/STM32U5xx_HAL_Driver/stm32u5xx_hal_exti.o
LOAD ./Drivers/STM32U5xx_HAL_Driver/stm32u5xx_hal_flash.o
LOAD ./Drivers/STM32U5xx_HAL_Driver/stm32u5xx_hal_flash_ex.o
LOAD ./Drivers/STM32U5xx_HAL_Driver/stm32u5xx_hal_gpio.o
LOAD ./Drivers/STM32U5xx_HAL_Driver/stm32u5xx_hal_gtzc.o
LOAD ./Drivers/STM32U5xx_HAL_Driver/stm32u5xx_hal_i2c.o
LOAD ./Drivers/STM32U5xx_HAL_Driver/stm32u5xx_hal_i2c_ex.o
LOAD ./Drivers/STM32U5xx_HAL_Driver/stm32u5xx_hal_icache.o
LOAD ./Drivers/STM32U5xx_HAL_Driver/stm32u5xx_hal_ospi.o
LOAD ./Drivers/STM32U5xx_HAL_Driver/stm32u5xx_hal_pwr.o
LOAD ./Drivers/STM32U5xx_HAL_Driver/stm32u5xx_hal_pwr_ex.o
LOAD ./Drivers/STM32U5xx_HAL_Driver/stm32u5xx_hal_rcc.o
LOAD ./Drivers/STM32U5xx_HAL_Driver/stm32u5xx_hal_rcc_ex.o
LOAD ./Drivers/STM32U5xx_HAL_Driver/stm32u5xx_ll_dlyb.o
START GROUP
LOAD /home/bea/st/stm32cubeide_1.19.0/plugins/com.st.stm32cube.ide.mcu.externaltools.gnu-tools-for-stm32.13.3.rel1.linux64_1.0.0.202410170706/tools/bin/../lib/gcc/arm-none-eabi/13.3.1/../../../../arm-none-eabi/lib/thumb/v8-m.main+fp/hard/libc_nano.a
LOAD /home/bea/st/stm32cubeide_1.19.0/plugins/com.st.stm32cube.ide.mcu.externaltools.gnu-tools-for-stm32.13.3.rel1.linux64_1.0.0.202410170706/tools/bin/../lib/gcc/arm-none-eabi/13.3.1/../../../../arm-none-eabi/lib/thumb/v8-m.main+fp/hard/libm.a
END GROUP
START GROUP
LOAD /home/bea/st/stm32cubeide_1.19.0/plugins/com.st.stm32cube.ide.mcu.externaltools.gnu-tools-for-stm32.13.3.rel1.linux64_1.0.0.202410170706/tools/bin/../lib/gcc/arm-none-eabi/13.3.1/thumb/v8-m.main+fp/hard/libgcc.a
LOAD /home/bea/st/stm32cubeide_1.19.0/plugins/com.st.stm32cube.ide.mcu.externaltools.gnu-tools-for-stm32.13.3.rel1.linux64_1.0.0.202410170706/tools/bin/../lib/gcc/arm-none-eabi/13.3.1/../../../../arm-none-eabi/lib/thumb/v8-m.main+fp/hard/libc_nano.a
END GROUP
START GROUP
LOAD /home/bea/st/stm32cubeide_1.19.0/plugins/com.st.stm32cube.ide.mcu.externaltools.gnu-tools-for-stm32.13.3.rel1.linux64_1.0.0.202410170706/tools/bin/../lib/gcc/arm-none-eabi/13.3.1/thumb/v8-m.main+fp/hard/libgcc.a
LOAD /home/bea/st/stm32cubeide_1.19.0/plugins/com.st.stm32cube.ide.mcu.externaltools.gnu-tools-for-stm32.13.3.rel1.linux64_1.0.0.202410170706/tools/bin/../lib/gcc/arm-none-eabi/13.3.1/../../../../arm-none-eabi/lib/thumb/v8-m.main+fp/hard/libc_nano.a
LOAD /home/bea/st/stm32cubeide_1.19.0/plugins/com.st.stm32cube.ide.mcu.externaltools.gnu-tools-for-stm32.13.3.rel1.linux64_1.0.0.202410170706/tools/bin/../lib/gcc/arm-none-eabi/13.3.1/../../../../arm-none-eabi/lib/thumb/v8-m.main+fp/hard/libnosys.a
END GROUP
START GROUP
LOAD /home/bea/st/stm32cubeide_1.19.0/plugins/com.st.stm32cube.ide.mcu.externaltools.gnu-tools-for-stm32.13.3.rel1.linux64_1.0.0.202410170706/tools/bin/../lib/gcc/arm-none-eabi/13.3.1/thumb/v8-m.main+fp/hard/libgcc.a
LOAD /home/bea/st/stm32cubeide_1.19.0/plugins/com.st.stm32cube.ide.mcu.externaltools.gnu-tools-for-stm32.13.3.rel1.linux64_1.0.0.202410170706/tools/bin/../lib/gcc/arm-none-eabi/13.3.1/../../../../arm-none-eabi/lib/thumb/v8-m.main+fp/hard/libc_nano.a
LOAD /home/bea/st/stm32cubeide_1.19.0/plugins/com.st.stm32cube.ide.mcu.externaltools.gnu-tools-for-stm32.13.3.rel1.linux64_1.0.0.202410170706/tools/bin/../lib/gcc/arm-none-eabi/13.3.1/../../../../arm-none-eabi/lib/thumb/v8-m.main+fp/hard/libnosys.a
END GROUP
LOAD /home/bea/st/stm32cubeide_1.19.0/plugins/com.st.stm32cube.ide.mcu.externaltools.gnu-tools-for-stm32.13.3.rel1.linux64_1.0.0.202410170706/tools/bin/../lib/gcc/arm-none-eabi/13.3.1/thumb/v8-m.main+fp/hard/crtend.o
LOAD /home/bea/st/stm32cubeide_1.19.0/plugins/com.st.stm32cube.ide.mcu.externaltools.gnu-tools-for-stm32.13.3.rel1.linux64_1.0.0.202410170706/tools/bin/../lib/gcc/arm-none-eabi/13.3.1/thumb/v8-m.main+fp/hard/crtn.o
                0x30040000                        _estack = (ORIGIN (RAM) + LENGTH (RAM))
                0x00000200                        _Min_Heap_Size = 0x200
                0x00000400                        _Min_Stack_Size = 0x400

.isr_vector     0x0c000000      0x238
 *(.isr_vector)
 .isr_vector    0x0c000000      0x238 ./Core/Startup/startup_stm32u585aiixq.o
                0x0c000000                g_pfnVectors

.text           0x0c000238     0x4824
 *(.text)
 .text          0x0c000238       0x40 /home/bea/st/stm32cubeide_1.19.0/plugins/com.st.stm32cube.ide.mcu.externaltools.gnu-tools-for-stm32.13.3.rel1.linux64_1.0.0.202410170706/tools/bin/../lib/gcc/arm-none-eabi/13.3.1/thumb/v8-m.main+fp/hard/crtbegin.o
 .text          0x0c000278       0x5c /home/bea/st/stm32cubeide_1.19.0/plugins/com.st.stm32cube.ide.mcu.externaltools.gnu-tools-for-stm32.13.3.rel1.linux64_1.0.0.202410170706/tools/bin/../lib/gcc/arm-none-eabi/13.3.1/thumb/v8-m.main+fp/hard/libgcc.a(cmse_nonsecure_call.o)
                0x0c000278                __gnu_cmse_nonsecure_call
 *(.text*)
 .text.main     0x0c0002d4       0x3c ./Core/Src/main.o
                0x0c0002d4                main
 .text.NonSecure_Init
                0x0c000310       0x88 ./Core/Src/main.o
 .text.SystemClock_Config
                0x0c000398       0xb8 ./Core/Src/main.o
                0x0c000398                SystemClock_Config
 .text.SystemPower_Config
                0x0c000450       0x1c ./Core/Src/main.o
 .text.MX_GTZC_S_Init
                0x0c00046c      0x538 ./Core/Src/main.o
 .text.MX_ICACHE_Init
                0x0c0009a4       0x26 ./Core/Src/main.o
 *fill*         0x0c0009ca        0x2 
 .text.MX_OCTOSPI1_Init
                0x0c0009cc       0xb0 ./Core/Src/main.o
 .text.MX_OCTOSPI2_Init
                0x0c000a7c       0xb0 ./Core/Src/main.o
 .text.MX_GPIO_Init
                0x0c000b2c       0xa4 ./Core/Src/main.o
 .text.Error_Handler
                0x0c000bd0        0xc ./Core/Src/main.o
                0x0c000bd0                Error_Handler
 .text.SECURE_RegisterCallback
                0x0c000bdc       0xac ./Core/Src/secure_nsc.o
                0x0c000bdc                __acle_se_SECURE_RegisterCallback
 .text.Secure_led_control
                0x0c000c88       0x84 ./Core/Src/secure_nsc.o
                0x0c000c88                __acle_se_Secure_led_control
 .text.HAL_MspInit
                0x0c000d0c       0x70 ./Core/Src/stm32u5xx_hal_msp.o
                0x0c000d0c                HAL_MspInit
 .text.HAL_OSPI_MspInit
                0x0c000d7c      0x12c ./Core/Src/stm32u5xx_hal_msp.o
                0x0c000d7c                HAL_OSPI_MspInit
 .text.NMI_Handler
                0x0c000ea8        0x8 ./Core/Src/stm32u5xx_it.o
                0x0c000ea8                NMI_Handler
 .text.HardFault_Handler
                0x0c000eb0        0x8 ./Core/Src/stm32u5xx_it.o
                0x0c000eb0                HardFault_Handler
 .text.MemManage_Handler
                0x0c000eb8        0x8 ./Core/Src/stm32u5xx_it.o
                0x0c000eb8                MemManage_Handler
 .text.BusFault_Handler
                0x0c000ec0        0x8 ./Core/Src/stm32u5xx_it.o
                0x0c000ec0                BusFault_Handler
 .text.UsageFault_Handler
                0x0c000ec8        0x8 ./Core/Src/stm32u5xx_it.o
                0x0c000ec8                UsageFault_Handler
 .text.SecureFault_Handler
                0x0c000ed0        0x8 ./Core/Src/stm32u5xx_it.o
                0x0c000ed0                SecureFault_Handler
 .text.SVC_Handler
                0x0c000ed8        0xe ./Core/Src/stm32u5xx_it.o
                0x0c000ed8                SVC_Handler
 .text.DebugMon_Handler
                0x0c000ee6        0xe ./Core/Src/stm32u5xx_it.o
                0x0c000ee6                DebugMon_Handler
 .text.PendSV_Handler
                0x0c000ef4        0xe ./Core/Src/stm32u5xx_it.o
                0x0c000ef4                PendSV_Handler
 .text.SysTick_Handler
                0x0c000f02        0xc ./Core/Src/stm32u5xx_it.o
                0x0c000f02                SysTick_Handler
 *fill*         0x0c000f0e        0x2 
 .text.TZ_SAU_Setup
                0x0c000f10       0x64 ./Core/Src/system_stm32u5xx_s.o
 .text.SystemInit
                0x0c000f74       0x80 ./Core/Src/system_stm32u5xx_s.o
                0x0c000f74                SystemInit
 .text.SystemCoreClockUpdate
                0x0c000ff4      0x1f0 ./Core/Src/system_stm32u5xx_s.o
                0x0c000ff4                SystemCoreClockUpdate
 .text.SECURE_SystemCoreClockUpdate
                0x0c0011e4       0x80 ./Core/Src/system_stm32u5xx_s.o
                0x0c0011e4                __acle_se_SECURE_SystemCoreClockUpdate
 .text.Reset_Handler
                0x0c001264       0x50 ./Core/Startup/startup_stm32u585aiixq.o
                0x0c001264                Reset_Handler
 .text.Default_Handler
                0x0c0012b4        0x2 ./Core/Startup/startup_stm32u585aiixq.o
                0x0c0012b4                EXTI2_IRQHandler
                0x0c0012b4                TIM8_TRG_COM_IRQHandler
                0x0c0012b4                TIM8_CC_IRQHandler
                0x0c0012b4                EXTI5_IRQHandler
                0x0c0012b4                FLASH_S_IRQHandler
                0x0c0012b4                EXTI13_IRQHandler
                0x0c0012b4                TIM1_CC_IRQHandler
                0x0c0012b4                TSC_IRQHandler
                0x0c0012b4                TAMP_IRQHandler
                0x0c0012b4                TIM6_IRQHandler
                0x0c0012b4                EXTI12_IRQHandler
                0x0c0012b4                CORDIC_IRQHandler
                0x0c0012b4                EXTI3_IRQHandler
                0x0c0012b4                LPTIM4_IRQHandler
                0x0c0012b4                GPDMA1_Channel5_IRQHandler
                0x0c0012b4                EXTI8_IRQHandler
                0x0c0012b4                LPTIM2_IRQHandler
                0x0c0012b4                I2C3_ER_IRQHandler
                0x0c0012b4                PWR_S3WU_IRQHandler
                0x0c0012b4                MDF1_FLT2_IRQHandler
                0x0c0012b4                LPDMA1_Channel3_IRQHandler
                0x0c0012b4                LPTIM3_IRQHandler
                0x0c0012b4                EXTI0_IRQHandler
                0x0c0012b4                I2C2_EV_IRQHandler
                0x0c0012b4                FPU_IRQHandler
                0x0c0012b4                GPDMA1_Channel3_IRQHandler
                0x0c0012b4                GPDMA1_Channel7_IRQHandler
                0x0c0012b4                MDF1_FLT4_IRQHandler
                0x0c0012b4                FDCAN1_IT1_IRQHandler
                0x0c0012b4                RAMCFG_IRQHandler
                0x0c0012b4                GPDMA1_Channel9_IRQHandler
                0x0c0012b4                DCACHE1_IRQHandler
                0x0c0012b4                SPI1_IRQHandler
                0x0c0012b4                OCTOSPI1_IRQHandler
                0x0c0012b4                GPDMA1_Channel2_IRQHandler
                0x0c0012b4                TIM8_UP_IRQHandler
                0x0c0012b4                RCC_S_IRQHandler
                0x0c0012b4                OCTOSPI2_IRQHandler
                0x0c0012b4                SAI2_IRQHandler
                0x0c0012b4                MDF1_FLT1_IRQHandler
                0x0c0012b4                ADC1_IRQHandler
                0x0c0012b4                PKA_IRQHandler
                0x0c0012b4                MDF1_FLT5_IRQHandler
                0x0c0012b4                EXTI15_IRQHandler
                0x0c0012b4                TIM17_IRQHandler
                0x0c0012b4                USART3_IRQHandler
                0x0c0012b4                RTC_IRQHandler
                0x0c0012b4                EXTI9_IRQHandler
                0x0c0012b4                UART5_IRQHandler
                0x0c0012b4                TIM4_IRQHandler
                0x0c0012b4                I2C1_EV_IRQHandler
                0x0c0012b4                GPDMA1_Channel12_IRQHandler
                0x0c0012b4                GPDMA1_Channel1_IRQHandler
                0x0c0012b4                TIM16_IRQHandler
                0x0c0012b4                GPDMA1_Channel15_IRQHandler
                0x0c0012b4                UART4_IRQHandler
                0x0c0012b4                TIM3_IRQHandler
                0x0c0012b4                RCC_IRQHandler
                0x0c0012b4                TIM1_TRG_COM_IRQHandler
                0x0c0012b4                Default_Handler
                0x0c0012b4                GPDMA1_Channel8_IRQHandler
                0x0c0012b4                FMAC_IRQHandler
                0x0c0012b4                OTFDEC1_IRQHandler
                0x0c0012b4                GPDMA1_Channel11_IRQHandler
                0x0c0012b4                TIM7_IRQHandler
                0x0c0012b4                SDMMC1_IRQHandler
                0x0c0012b4                SAES_IRQHandler
                0x0c0012b4                TIM5_IRQHandler
                0x0c0012b4                UCPD1_IRQHandler
                0x0c0012b4                GPDMA1_Channel0_IRQHandler
                0x0c0012b4                TIM15_IRQHandler
                0x0c0012b4                I2C3_EV_IRQHandler
                0x0c0012b4                LPDMA1_Channel0_IRQHandler
                0x0c0012b4                PVD_PVM_IRQHandler
                0x0c0012b4                SPI2_IRQHandler
                0x0c0012b4                LPDMA1_Channel1_IRQHandler
                0x0c0012b4                EXTI14_IRQHandler
                0x0c0012b4                EXTI11_IRQHandler
                0x0c0012b4                OTFDEC2_IRQHandler
                0x0c0012b4                CRS_IRQHandler
                0x0c0012b4                GPDMA1_Channel14_IRQHandler
                0x0c0012b4                LSECSSD_IRQHandler
                0x0c0012b4                EXTI4_IRQHandler
                0x0c0012b4                RTC_S_IRQHandler
                0x0c0012b4                GPDMA1_Channel13_IRQHandler
                0x0c0012b4                RNG_IRQHandler
                0x0c0012b4                COMP_IRQHandler
                0x0c0012b4                TIM1_UP_IRQHandler
                0x0c0012b4                ADC4_IRQHandler
                0x0c0012b4                WWDG_IRQHandler
                0x0c0012b4                I2C4_EV_IRQHandler
                0x0c0012b4                ADF1_IRQHandler
                0x0c0012b4                IWDG_IRQHandler
                0x0c0012b4                LPUART1_IRQHandler
                0x0c0012b4                MDF1_FLT0_IRQHandler
                0x0c0012b4                FDCAN1_IT0_IRQHandler
                0x0c0012b4                TIM2_IRQHandler
                0x0c0012b4                GPDMA1_Channel4_IRQHandler
                0x0c0012b4                EXTI7_IRQHandler
                0x0c0012b4                DMA2D_IRQHandler
                0x0c0012b4                TIM1_BRK_IRQHandler
                0x0c0012b4                EXTI1_IRQHandler
                0x0c0012b4                SDMMC2_IRQHandler
                0x0c0012b4                AES_IRQHandler
                0x0c0012b4                DAC1_IRQHandler
                0x0c0012b4                GTZC_IRQHandler
                0x0c0012b4                MDF1_FLT3_IRQHandler
                0x0c0012b4                USART2_IRQHandler
                0x0c0012b4                GPDMA1_Channel6_IRQHandler
                0x0c0012b4                I2C2_ER_IRQHandler
                0x0c0012b4                TIM8_BRK_IRQHandler
                0x0c0012b4                FLASH_IRQHandler
                0x0c0012b4                USART1_IRQHandler
                0x0c0012b4                EXTI10_IRQHandler
                0x0c0012b4                OTG_FS_IRQHandler
                0x0c0012b4                SPI3_IRQHandler
                0x0c0012b4                LPDMA1_Channel2_IRQHandler
                0x0c0012b4                I2C1_ER_IRQHandler
                0x0c0012b4                FMC_IRQHandler
                0x0c0012b4                EXTI6_IRQHandler
                0x0c0012b4                LPTIM1_IRQHandler
                0x0c0012b4                DCMI_PSSI_IRQHandler
                0x0c0012b4                I2C4_ER_IRQHandler
                0x0c0012b4                GPDMA1_Channel10_IRQHandler
                0x0c0012b4                ICACHE_IRQHandler
                0x0c0012b4                SAI1_IRQHandler
                0x0c0012b4                HASH_IRQHandler
 *fill*         0x0c0012b6        0x2 
 .text.HAL_Init
                0x0c0012b8       0x60 ./Drivers/STM32U5xx_HAL_Driver/stm32u5xx_hal.o
                0x0c0012b8                HAL_Init
 .text.HAL_InitTick
                0x0c001318       0xec ./Drivers/STM32U5xx_HAL_Driver/stm32u5xx_hal.o
                0x0c001318                HAL_InitTick
 .text.HAL_IncTick
                0x0c001404       0x28 ./Drivers/STM32U5xx_HAL_Driver/stm32u5xx_hal.o
                0x0c001404                HAL_IncTick
 .text.HAL_GetTick
                0x0c00142c       0x18 ./Drivers/STM32U5xx_HAL_Driver/stm32u5xx_hal.o
                0x0c00142c                HAL_GetTick
 .text.__NVIC_SetPriorityGrouping
                0x0c001444       0x48 ./Drivers/STM32U5xx_HAL_Driver/stm32u5xx_hal_cortex.o
 .text.__NVIC_GetPriorityGrouping
                0x0c00148c       0x1c ./Drivers/STM32U5xx_HAL_Driver/stm32u5xx_hal_cortex.o
 .text.__NVIC_SetPriority
                0x0c0014a8       0x54 ./Drivers/STM32U5xx_HAL_Driver/stm32u5xx_hal_cortex.o
 .text.NVIC_EncodePriority
                0x0c0014fc       0x66 ./Drivers/STM32U5xx_HAL_Driver/stm32u5xx_hal_cortex.o
 .text.HAL_NVIC_SetPriorityGrouping
                0x0c001562       0x16 ./Drivers/STM32U5xx_HAL_Driver/stm32u5xx_hal_cortex.o
                0x0c001562                HAL_NVIC_SetPriorityGrouping
 .text.HAL_NVIC_SetPriority
                0x0c001578       0x34 ./Drivers/STM32U5xx_HAL_Driver/stm32u5xx_hal_cortex.o
                0x0c001578                HAL_NVIC_SetPriority
 .text.HAL_SYSTICK_Config
                0x0c0015ac       0x44 ./Drivers/STM32U5xx_HAL_Driver/stm32u5xx_hal_cortex.o
                0x0c0015ac                HAL_SYSTICK_Config
 .text.HAL_SYSTICK_CLKSourceConfig
                0x0c0015f0       0xb0 ./Drivers/STM32U5xx_HAL_Driver/stm32u5xx_hal_cortex.o
                0x0c0015f0                HAL_SYSTICK_CLKSourceConfig
 .text.HAL_SYSTICK_GetCLKSourceConfig
                0x0c0016a0       0x74 ./Drivers/STM32U5xx_HAL_Driver/stm32u5xx_hal_cortex.o
                0x0c0016a0                HAL_SYSTICK_GetCLKSourceConfig
 .text.HAL_DMA_Abort
                0x0c001714       0xf8 ./Drivers/STM32U5xx_HAL_Driver/stm32u5xx_hal_dma.o
                0x0c001714                HAL_DMA_Abort
 .text.HAL_GPIO_Init
                0x0c00180c      0x3c0 ./Drivers/STM32U5xx_HAL_Driver/stm32u5xx_hal_gpio.o
                0x0c00180c                HAL_GPIO_Init
 .text.HAL_GPIO_WritePin
                0x0c001bcc       0x30 ./Drivers/STM32U5xx_HAL_Driver/stm32u5xx_hal_gpio.o
                0x0c001bcc                HAL_GPIO_WritePin
 .text.HAL_GPIO_ConfigPinAttributes
                0x0c001bfc       0x94 ./Drivers/STM32U5xx_HAL_Driver/stm32u5xx_hal_gpio.o
                0x0c001bfc                HAL_GPIO_ConfigPinAttributes
 .text.HAL_GTZC_TZSC_ConfigPeriphAttributes
                0x0c001c90      0x2c4 ./Drivers/STM32U5xx_HAL_Driver/stm32u5xx_hal_gtzc.o
                0x0c001c90                HAL_GTZC_TZSC_ConfigPeriphAttributes
 .text.HAL_GTZC_MPCBB_ConfigMem
                0x0c001f54      0x1b0 ./Drivers/STM32U5xx_HAL_Driver/stm32u5xx_hal_gtzc.o
                0x0c001f54                HAL_GTZC_MPCBB_ConfigMem
 .text.HAL_ICACHE_ConfigAssociativityMode
                0x0c002104       0x40 ./Drivers/STM32U5xx_HAL_Driver/stm32u5xx_hal_icache.o
                0x0c002104                HAL_ICACHE_ConfigAssociativityMode
 .text.HAL_ICACHE_Enable
                0x0c002144       0x20 ./Drivers/STM32U5xx_HAL_Driver/stm32u5xx_hal_icache.o
                0x0c002144                HAL_ICACHE_Enable
 .text.LL_DLYB_Enable
                0x0c002164       0x20 ./Drivers/STM32U5xx_HAL_Driver/stm32u5xx_hal_ospi.o
 .text.HAL_OSPI_Init
                0x0c002184      0x178 ./Drivers/STM32U5xx_HAL_Driver/stm32u5xx_hal_ospi.o
                0x0c002184                HAL_OSPI_Init
 .text.HAL_OSPI_Abort
                0x0c0022fc       0xea ./Drivers/STM32U5xx_HAL_Driver/stm32u5xx_hal_ospi.o
                0x0c0022fc                HAL_OSPI_Abort
 .text.HAL_OSPI_SetTimeout
                0x0c0023e6       0x1e ./Drivers/STM32U5xx_HAL_Driver/stm32u5xx_hal_ospi.o
                0x0c0023e6                HAL_OSPI_SetTimeout
 .text.OSPI_WaitFlagStateUntilTimeout
                0x0c002404       0x7e ./Drivers/STM32U5xx_HAL_Driver/stm32u5xx_hal_ospi.o
 *fill*         0x0c002482        0x2 
 .text.HAL_OSPI_DLYB_SetConfig
                0x0c002484       0x90 ./Drivers/STM32U5xx_HAL_Driver/stm32u5xx_hal_ospi.o
                0x0c002484                HAL_OSPI_DLYB_SetConfig
 .text.HAL_PWREx_ControlVoltageScaling
                0x0c002514       0xfc ./Drivers/STM32U5xx_HAL_Driver/stm32u5xx_hal_pwr_ex.o
                0x0c002514                HAL_PWREx_ControlVoltageScaling
 .text.HAL_PWREx_GetVoltageRange
                0x0c002610       0x1c ./Drivers/STM32U5xx_HAL_Driver/stm32u5xx_hal_pwr_ex.o
                0x0c002610                HAL_PWREx_GetVoltageRange
 .text.HAL_PWREx_ConfigSupply
                0x0c00262c       0xa0 ./Drivers/STM32U5xx_HAL_Driver/stm32u5xx_hal_pwr_ex.o
                0x0c00262c                HAL_PWREx_ConfigSupply
 .text.HAL_PWREx_DisableUCPDDeadBattery
                0x0c0026cc       0x20 ./Drivers/STM32U5xx_HAL_Driver/stm32u5xx_hal_pwr_ex.o
                0x0c0026cc                HAL_PWREx_DisableUCPDDeadBattery
 .text.HAL_RCC_OscConfig
                0x0c0026ec      0xdb8 ./Drivers/STM32U5xx_HAL_Driver/stm32u5xx_hal_rcc.o
                0x0c0026ec                HAL_RCC_OscConfig
 .text.HAL_RCC_ClockConfig
                0x0c0034a4      0x3e4 ./Drivers/STM32U5xx_HAL_Driver/stm32u5xx_hal_rcc.o
                0x0c0034a4                HAL_RCC_ClockConfig
 .text.HAL_RCC_GetSysClockFreq
                0x0c003888      0x204 ./Drivers/STM32U5xx_HAL_Driver/stm32u5xx_hal_rcc.o
                0x0c003888                HAL_RCC_GetSysClockFreq
 .text.HAL_RCC_GetHCLKFreq
                0x0c003a8c       0x34 ./Drivers/STM32U5xx_HAL_Driver/stm32u5xx_hal_rcc.o
                0x0c003a8c                HAL_RCC_GetHCLKFreq
 .text.RCC_SetFlashLatencyFromMSIRange
                0x0c003ac0      0x10c ./Drivers/STM32U5xx_HAL_Driver/stm32u5xx_hal_rcc.o
 .text.HAL_RCCEx_PeriphCLKConfig
                0x0c003bcc      0xb80 ./Drivers/STM32U5xx_HAL_Driver/stm32u5xx_hal_rcc_ex.o
                0x0c003bcc                HAL_RCCEx_PeriphCLKConfig
 .text.RCCEx_PLL2_Config
                0x0c00474c      0x130 ./Drivers/STM32U5xx_HAL_Driver/stm32u5xx_hal_rcc_ex.o
 .text.RCCEx_PLL3_Config
                0x0c00487c      0x130 ./Drivers/STM32U5xx_HAL_Driver/stm32u5xx_hal_rcc_ex.o
 .text.LL_DLYB_SetDelay
                0x0c0049ac       0x3e ./Drivers/STM32U5xx_HAL_Driver/stm32u5xx_ll_dlyb.o
                0x0c0049ac                LL_DLYB_SetDelay
 .text.memset   0x0c0049ea       0x10 /home/bea/st/stm32cubeide_1.19.0/plugins/com.st.stm32cube.ide.mcu.externaltools.gnu-tools-for-stm32.13.3.rel1.linux64_1.0.0.202410170706/tools/bin/../lib/gcc/arm-none-eabi/13.3.1/../../../../arm-none-eabi/lib/thumb/v8-m.main+fp/hard/libc_nano.a(libc_a-memset.o)
                0x0c0049ea                memset
 *fill*         0x0c0049fa        0x2 
 .text.__libc_init_array
                0x0c0049fc       0x48 /home/bea/st/stm32cubeide_1.19.0/plugins/com.st.stm32cube.ide.mcu.externaltools.gnu-tools-for-stm32.13.3.rel1.linux64_1.0.0.202410170706/tools/bin/../lib/gcc/arm-none-eabi/13.3.1/../../../../arm-none-eabi/lib/thumb/v8-m.main+fp/hard/libc_nano.a(libc_a-init.o)
                0x0c0049fc                __libc_init_array
 *(.glue_7)
 .glue_7        0x0c004a44        0x0 linker stubs
 *(.glue_7t)
 .glue_7t       0x0c004a44        0x0 linker stubs
 *(.eh_frame)
 .eh_frame      0x0c004a44        0x0 /home/bea/st/stm32cubeide_1.19.0/plugins/com.st.stm32cube.ide.mcu.externaltools.gnu-tools-for-stm32.13.3.rel1.linux64_1.0.0.202410170706/tools/bin/../lib/gcc/arm-none-eabi/13.3.1/thumb/v8-m.main+fp/hard/crtbegin.o
 *(.init)
 .init          0x0c004a44        0x4 /home/bea/st/stm32cubeide_1.19.0/plugins/com.st.stm32cube.ide.mcu.externaltools.gnu-tools-for-stm32.13.3.rel1.linux64_1.0.0.202410170706/tools/bin/../lib/gcc/arm-none-eabi/13.3.1/thumb/v8-m.main+fp/hard/crti.o
                0x0c004a44                _init
 .init          0x0c004a48        0x8 /home/bea/st/stm32cubeide_1.19.0/plugins/com.st.stm32cube.ide.mcu.externaltools.gnu-tools-for-stm32.13.3.rel1.linux64_1.0.0.202410170706/tools/bin/../lib/gcc/arm-none-eabi/13.3.1/thumb/v8-m.main+fp/hard/crtn.o
 *(.fini)
 .fini          0x0c004a50        0x4 /home/bea/st/stm32cubeide_1.19.0/plugins/com.st.stm32cube.ide.mcu.externaltools.gnu-tools-for-stm32.13.3.rel1.linux64_1.0.0.202410170706/tools/bin/../lib/gcc/arm-none-eabi/13.3.1/thumb/v8-m.main+fp/hard/crti.o
                0x0c004a50                _fini
 .fini          0x0c004a54        0x8 /home/bea/st/stm32cubeide_1.19.0/plugins/com.st.stm32cube.ide.mcu.externaltools.gnu-tools-for-stm32.13.3.rel1.linux64_1.0.0.202410170706/tools/bin/../lib/gcc/arm-none-eabi/13.3.1/thumb/v8-m.main+fp/hard/crtn.o
                0x0c004a5c                        _etext = .

.vfp11_veneer   0x0c004a5c        0x0
 .vfp11_veneer  0x0c004a5c        0x0 linker stubs

.v4_bx          0x0c004a5c        0x0
 .v4_bx         0x0c004a5c        0x0 linker stubs

.iplt           0x0c004a5c        0x0
 .iplt          0x0c004a5c        0x0 /home/bea/st/stm32cubeide_1.19.0/plugins/com.st.stm32cube.ide.mcu.externaltools.gnu-tools-for-stm32.13.3.rel1.linux64_1.0.0.202410170706/tools/bin/../lib/gcc/arm-none-eabi/13.3.1/thumb/v8-m.main+fp/hard/crtbegin.o

.rodata         0x0c004a5c       0xd0
 *(.rodata)
 *(.rodata*)
 .rodata.AHBPrescTable
                0x0c004a5c       0x10 ./Core/Src/system_stm32u5xx_s.o
                0x0c004a5c                AHBPrescTable
 .rodata.MSIRangeTable
                0x0c004a6c       0x40 ./Core/Src/system_stm32u5xx_s.o
                0x0c004a6c                MSIRangeTable
 .rodata.LPGPIO_Map
                0x0c004aac       0x80 ./Drivers/STM32U5xx_HAL_Driver/stm32u5xx_hal_gpio.o

.ARM.extab
 *(.ARM.extab* .gnu.linkonce.armextab.*)

.ARM            0x0c004b2c        0x0
                0x0c004b2c                        __exidx_start = .
 *(.ARM.exidx*)
                0x0c004b2c                        __exidx_end = .

.preinit_array  0x0c004b2c        0x0
                0x0c004b2c                        PROVIDE (__preinit_array_start = .)
 *(.preinit_array*)
                0x0c004b2c                        PROVIDE (__preinit_array_end = .)

.init_array     0x0c004b2c        0x4
                0x0c004b2c                        PROVIDE (__init_array_start = .)
 *(SORT_BY_NAME(.init_array.*))
 *(.init_array*)
 .init_array    0x0c004b2c        0x4 /home/bea/st/stm32cubeide_1.19.0/plugins/com.st.stm32cube.ide.mcu.externaltools.gnu-tools-for-stm32.13.3.rel1.linux64_1.0.0.202410170706/tools/bin/../lib/gcc/arm-none-eabi/13.3.1/thumb/v8-m.main+fp/hard/crtbegin.o
                0x0c004b30                        PROVIDE (__init_array_end = .)

.fini_array     0x0c004b30        0x4
                [!provide]                        PROVIDE (__fini_array_start = .)
 *(SORT_BY_NAME(.fini_array.*))
 *(.fini_array*)
 .fini_array    0x0c004b30        0x4 /home/bea/st/stm32cubeide_1.19.0/plugins/com.st.stm32cube.ide.mcu.externaltools.gnu-tools-for-stm32.13.3.rel1.linux64_1.0.0.202410170706/tools/bin/../lib/gcc/arm-none-eabi/13.3.1/thumb/v8-m.main+fp/hard/crtbegin.o
                [!provide]                        PROVIDE (__fini_array_end = .)
                0x0c004b34                        _sidata = LOADADDR (.data)

.rel.dyn        0x0c004b34        0x0
 .rel.iplt      0x0c004b34        0x0 /home/bea/st/stm32cubeide_1.19.0/plugins/com.st.stm32cube.ide.mcu.externaltools.gnu-tools-for-stm32.13.3.rel1.linux64_1.0.0.202410170706/tools/bin/../lib/gcc/arm-none-eabi/13.3.1/thumb/v8-m.main+fp/hard/crtbegin.o

.data           0x30000000        0x9 load address 0x0c004b34
                0x30000000                        _sdata = .
 *(.data)
 *(.data*)
 .data.SystemCoreClock
                0x30000000        0x4 ./Core/Src/system_stm32u5xx_s.o
                0x30000000                SystemCoreClock
 .data.uwTickPrio
                0x30000004        0x4 ./Drivers/STM32U5xx_HAL_Driver/stm32u5xx_hal.o
                0x30000004                uwTickPrio
 .data.uwTickFreq
                0x30000008        0x1 ./Drivers/STM32U5xx_HAL_Driver/stm32u5xx_hal.o
                0x30000008                uwTickFreq
 *(.RamFunc)
 *(.RamFunc*)
                0x30000009                        _edata = .

.igot.plt       0x3000000c        0x0 load address 0x0c004b3d
 .igot.plt      0x3000000c        0x0 /home/bea/st/stm32cubeide_1.19.0/plugins/com.st.stm32cube.ide.mcu.externaltools.gnu-tools-for-stm32.13.3.rel1.linux64_1.0.0.202410170706/tools/bin/../lib/gcc/arm-none-eabi/13.3.1/thumb/v8-m.main+fp/hard/crtbegin.o

.gnu.sgstubs    0x0c0fe000       0x20
                0x0c0fe000                        . = ALIGN (0x4)
 *(.gnu.sgstubs*)
                0x0c0fe000                        . = ALIGN (0x4)
 .gnu.sgstubs.__stub
                0x0c0fe000       0x18 linker stubs
                0x0c0fe000                SECURE_SystemCoreClockUpdate
                0x0c0fe008                Secure_led_control
                0x0c0fe010                SECURE_RegisterCallback

.bss            0x3000000c       0xe4
                0x3000000c                        _sbss = .
                0x3000000c                        __bss_start__ = _sbss
 *(.bss)
 .bss           0x3000000c       0x1c /home/bea/st/stm32cubeide_1.19.0/plugins/com.st.stm32cube.ide.mcu.externaltools.gnu-tools-for-stm32.13.3.rel1.linux64_1.0.0.202410170706/tools/bin/../lib/gcc/arm-none-eabi/13.3.1/thumb/v8-m.main+fp/hard/crtbegin.o
 *(.bss*)
 .bss.hospi1    0x30000028       0x5c ./Core/Src/main.o
                0x30000028                hospi1
 .bss.hospi2    0x30000084       0x5c ./Core/Src/main.o
                0x30000084                hospi2
 .bss.pSecureFaultCallback
                0x300000e0        0x4 ./Core/Src/secure_nsc.o
                0x300000e0                pSecureFaultCallback
 .bss.pSecureErrorCallback
                0x300000e4        0x4 ./Core/Src/secure_nsc.o
                0x300000e4                pSecureErrorCallback
 .bss.HAL_RCC_OSPIM_CLK_ENABLED
                0x300000e8        0x4 ./Core/Src/stm32u5xx_hal_msp.o
 .bss.uwTick    0x300000ec        0x4 ./Drivers/STM32U5xx_HAL_Driver/stm32u5xx_hal.o
                0x300000ec                uwTick
 *(COMMON)
                0x300000f0                        _ebss = .
                0x300000f0                        __bss_end__ = _ebss

._user_heap_stack
                0x300000f0      0x600
                0x300000f0                        . = ALIGN (0x8)
                [!provide]                        PROVIDE (end = .)
                0x300000f0                        PROVIDE (_end = .)
                0x300002f0                        . = (. + _Min_Heap_Size)
 *fill*         0x300000f0      0x200 
                0x300006f0                        . = (. + _Min_Stack_Size)
 *fill*         0x300002f0      0x400 
                0x300006f0                        . = ALIGN (0x8)

/DISCARD/
 libc.a(*)
 libm.a(*)
 libgcc.a(*)

.ARM.attributes
                0x00000000       0x36
 *(.ARM.attributes)
 .ARM.attributes
                0x00000000       0x26 /home/bea/st/stm32cubeide_1.19.0/plugins/com.st.stm32cube.ide.mcu.externaltools.gnu-tools-for-stm32.13.3.rel1.linux64_1.0.0.202410170706/tools/bin/../lib/gcc/arm-none-eabi/13.3.1/thumb/v8-m.main+fp/hard/crti.o
 .ARM.attributes
                0x00000026       0x38 /home/bea/st/stm32cubeide_1.19.0/plugins/com.st.stm32cube.ide.mcu.externaltools.gnu-tools-for-stm32.13.3.rel1.linux64_1.0.0.202410170706/tools/bin/../lib/gcc/arm-none-eabi/13.3.1/thumb/v8-m.main+fp/hard/crtbegin.o
 .ARM.attributes
                0x0000005e       0x3a ./Core/Src/main.o
 .ARM.attributes
                0x00000098       0x3a ./Core/Src/secure_nsc.o
 .ARM.attributes
                0x000000d2       0x3a ./Core/Src/stm32u5xx_hal_msp.o
 .ARM.attributes
                0x0000010c       0x3a ./Core/Src/stm32u5xx_it.o
 .ARM.attributes
                0x00000146       0x3a ./Core/Src/system_stm32u5xx_s.o
 .ARM.attributes
                0x00000180       0x24 ./Core/Startup/startup_stm32u585aiixq.o
 .ARM.attributes
                0x000001a4       0x3a ./Drivers/STM32U5xx_HAL_Driver/stm32u5xx_hal.o
 .ARM.attributes
                0x000001de       0x3a ./Drivers/STM32U5xx_HAL_Driver/stm32u5xx_hal_cortex.o
 .ARM.attributes
                0x00000218       0x3a ./Drivers/STM32U5xx_HAL_Driver/stm32u5xx_hal_dma.o
 .ARM.attributes
                0x00000252       0x3a ./Drivers/STM32U5xx_HAL_Driver/stm32u5xx_hal_gpio.o
 .ARM.attributes
                0x0000028c       0x3a ./Drivers/STM32U5xx_HAL_Driver/stm32u5xx_hal_gtzc.o
 .ARM.attributes
                0x000002c6       0x3a ./Drivers/STM32U5xx_HAL_Driver/stm32u5xx_hal_icache.o
 .ARM.attributes
                0x00000300       0x3a ./Drivers/STM32U5xx_HAL_Driver/stm32u5xx_hal_ospi.o
 .ARM.attributes
                0x0000033a       0x3a ./Drivers/STM32U5xx_HAL_Driver/stm32u5xx_hal_pwr_ex.o
 .ARM.attributes
                0x00000374       0x3a ./Drivers/STM32U5xx_HAL_Driver/stm32u5xx_hal_rcc.o
 .ARM.attributes
                0x000003ae       0x3a ./Drivers/STM32U5xx_HAL_Driver/stm32u5xx_hal_rcc_ex.o
 .ARM.attributes
                0x000003e8       0x3a ./Drivers/STM32U5xx_HAL_Driver/stm32u5xx_ll_dlyb.o
 .ARM.attributes
                0x00000422       0x38 /home/bea/st/stm32cubeide_1.19.0/plugins/com.st.stm32cube.ide.mcu.externaltools.gnu-tools-for-stm32.13.3.rel1.linux64_1.0.0.202410170706/tools/bin/../lib/gcc/arm-none-eabi/13.3.1/../../../../arm-none-eabi/lib/thumb/v8-m.main+fp/hard/libc_nano.a(libc_a-memset.o)
 .ARM.attributes
                0x0000045a       0x38 /home/bea/st/stm32cubeide_1.19.0/plugins/com.st.stm32cube.ide.mcu.externaltools.gnu-tools-for-stm32.13.3.rel1.linux64_1.0.0.202410170706/tools/bin/../lib/gcc/arm-none-eabi/13.3.1/../../../../arm-none-eabi/lib/thumb/v8-m.main+fp/hard/libc_nano.a(libc_a-init.o)
 .ARM.attributes
                0x00000492       0x24 /home/bea/st/stm32cubeide_1.19.0/plugins/com.st.stm32cube.ide.mcu.externaltools.gnu-tools-for-stm32.13.3.rel1.linux64_1.0.0.202410170706/tools/bin/../lib/gcc/arm-none-eabi/13.3.1/thumb/v8-m.main+fp/hard/libgcc.a(cmse_nonsecure_call.o)
 .ARM.attributes
                0x000004b6       0x26 /home/bea/st/stm32cubeide_1.19.0/plugins/com.st.stm32cube.ide.mcu.externaltools.gnu-tools-for-stm32.13.3.rel1.linux64_1.0.0.202410170706/tools/bin/../lib/gcc/arm-none-eabi/13.3.1/thumb/v8-m.main+fp/hard/crtn.o
OUTPUT(TrustZone_LedControl_Secure.elf elf32-littlearm)
LOAD linker stubs
LOAD /home/bea/st/stm32cubeide_1.19.0/plugins/com.st.stm32cube.ide.mcu.externaltools.gnu-tools-for-stm32.13.3.rel1.linux64_1.0.0.202410170706/tools/bin/../lib/gcc/arm-none-eabi/13.3.1/../../../../arm-none-eabi/lib/thumb/v8-m.main+fp/hard/libc.a
LOAD /home/bea/st/stm32cubeide_1.19.0/plugins/com.st.stm32cube.ide.mcu.externaltools.gnu-tools-for-stm32.13.3.rel1.linux64_1.0.0.202410170706/tools/bin/../lib/gcc/arm-none-eabi/13.3.1/../../../../arm-none-eabi/lib/thumb/v8-m.main+fp/hard/libm.a
LOAD /home/bea/st/stm32cubeide_1.19.0/plugins/com.st.stm32cube.ide.mcu.externaltools.gnu-tools-for-stm32.13.3.rel1.linux64_1.0.0.202410170706/tools/bin/../lib/gcc/arm-none-eabi/13.3.1/thumb/v8-m.main+fp/hard/libgcc.a

.debug_info     0x00000000     0xdd73
 .debug_info    0x00000000     0x185f ./Core/Src/main.o
 .debug_info    0x0000185f      0x24b ./Core/Src/secure_nsc.o
 .debug_info    0x00001aaa     0x11ac ./Core/Src/stm32u5xx_hal_msp.o
 .debug_info    0x00002c56      0x138 ./Core/Src/stm32u5xx_it.o
 .debug_info    0x00002d8e      0xb84 ./Core/Src/system_stm32u5xx_s.o
 .debug_info    0x00003912       0x30 ./Core/Startup/startup_stm32u585aiixq.o
 .debug_info    0x00003942     0x1284 ./Drivers/STM32U5xx_HAL_Driver/stm32u5xx_hal.o
 .debug_info    0x00004bc6     0x1792 ./Drivers/STM32U5xx_HAL_Driver/stm32u5xx_hal_cortex.o
 .debug_info    0x00006358      0xb33 ./Drivers/STM32U5xx_HAL_Driver/stm32u5xx_hal_dma.o
 .debug_info    0x00006e8b      0x962 ./Drivers/STM32U5xx_HAL_Driver/stm32u5xx_hal_gpio.o
 .debug_info    0x000077ed      0xc70 ./Drivers/STM32U5xx_HAL_Driver/stm32u5xx_hal_gtzc.o
 .debug_info    0x0000845d      0x4d6 ./Drivers/STM32U5xx_HAL_Driver/stm32u5xx_hal_icache.o
 .debug_info    0x00008933     0x1c4b ./Drivers/STM32U5xx_HAL_Driver/stm32u5xx_hal_ospi.o
 .debug_info    0x0000a57e      0xe3e ./Drivers/STM32U5xx_HAL_Driver/stm32u5xx_hal_pwr_ex.o
 .debug_info    0x0000b3bc     0x11f0 ./Drivers/STM32U5xx_HAL_Driver/stm32u5xx_hal_rcc.o
 .debug_info    0x0000c5ac     0x158b ./Drivers/STM32U5xx_HAL_Driver/stm32u5xx_hal_rcc_ex.o
 .debug_info    0x0000db37      0x23c ./Drivers/STM32U5xx_HAL_Driver/stm32u5xx_ll_dlyb.o

.debug_abbrev   0x00000000     0x2258
 .debug_abbrev  0x00000000      0x360 ./Core/Src/main.o
 .debug_abbrev  0x00000360      0x13d ./Core/Src/secure_nsc.o
 .debug_abbrev  0x0000049d      0x1f7 ./Core/Src/stm32u5xx_hal_msp.o
 .debug_abbrev  0x00000694       0x73 ./Core/Src/stm32u5xx_it.o
 .debug_abbrev  0x00000707      0x186 ./Core/Src/system_stm32u5xx_s.o
 .debug_abbrev  0x0000088d       0x24 ./Core/Startup/startup_stm32u585aiixq.o
 .debug_abbrev  0x000008b1      0x2b8 ./Drivers/STM32U5xx_HAL_Driver/stm32u5xx_hal.o
 .debug_abbrev  0x00000b69      0x311 ./Drivers/STM32U5xx_HAL_Driver/stm32u5xx_hal_cortex.o
 .debug_abbrev  0x00000e7a      0x1ff ./Drivers/STM32U5xx_HAL_Driver/stm32u5xx_hal_dma.o
 .debug_abbrev  0x00001079      0x25a ./Drivers/STM32U5xx_HAL_Driver/stm32u5xx_hal_gpio.o
 .debug_abbrev  0x000012d3      0x1d3 ./Drivers/STM32U5xx_HAL_Driver/stm32u5xx_hal_gtzc.o
 .debug_abbrev  0x000014a6      0x228 ./Drivers/STM32U5xx_HAL_Driver/stm32u5xx_hal_icache.o
 .debug_abbrev  0x000016ce      0x314 ./Drivers/STM32U5xx_HAL_Driver/stm32u5xx_hal_ospi.o
 .debug_abbrev  0x000019e2      0x215 ./Drivers/STM32U5xx_HAL_Driver/stm32u5xx_hal_pwr_ex.o
 .debug_abbrev  0x00001bf7      0x2cb ./Drivers/STM32U5xx_HAL_Driver/stm32u5xx_hal_rcc.o
 .debug_abbrev  0x00001ec2      0x23d ./Drivers/STM32U5xx_HAL_Driver/stm32u5xx_hal_rcc_ex.o
 .debug_abbrev  0x000020ff      0x159 ./Drivers/STM32U5xx_HAL_Driver/stm32u5xx_ll_dlyb.o

.debug_aranges  0x00000000      0xcb0
 .debug_aranges
                0x00000000       0x68 ./Core/Src/main.o
 .debug_aranges
                0x00000068       0x28 ./Core/Src/secure_nsc.o
 .debug_aranges
                0x00000090       0x30 ./Core/Src/stm32u5xx_hal_msp.o
 .debug_aranges
                0x000000c0       0x68 ./Core/Src/stm32u5xx_it.o
 .debug_aranges
                0x00000128       0x38 ./Core/Src/system_stm32u5xx_s.o
 .debug_aranges
                0x00000160       0x28 ./Core/Startup/startup_stm32u585aiixq.o
 .debug_aranges
                0x00000188      0x158 ./Drivers/STM32U5xx_HAL_Driver/stm32u5xx_hal.o
 .debug_aranges
                0x000002e0      0x170 ./Drivers/STM32U5xx_HAL_Driver/stm32u5xx_hal_cortex.o
 .debug_aranges
                0x00000450       0xa8 ./Drivers/STM32U5xx_HAL_Driver/stm32u5xx_hal_dma.o
 .debug_aranges
                0x000004f8       0x88 ./Drivers/STM32U5xx_HAL_Driver/stm32u5xx_hal_gpio.o
 .debug_aranges
                0x00000580       0xb8 ./Drivers/STM32U5xx_HAL_Driver/stm32u5xx_hal_gtzc.o
 .debug_aranges
                0x00000638       0xa8 ./Drivers/STM32U5xx_HAL_Driver/stm32u5xx_hal_icache.o
 .debug_aranges
                0x000006e0      0x198 ./Drivers/STM32U5xx_HAL_Driver/stm32u5xx_hal_ospi.o
 .debug_aranges
                0x00000878      0x200 ./Drivers/STM32U5xx_HAL_Driver/stm32u5xx_hal_pwr_ex.o
 .debug_aranges
                0x00000a78       0xa8 ./Drivers/STM32U5xx_HAL_Driver/stm32u5xx_hal_rcc.o
 .debug_aranges
                0x00000b20      0x160 ./Drivers/STM32U5xx_HAL_Driver/stm32u5xx_hal_rcc_ex.o
 .debug_aranges
                0x00000c80       0x30 ./Drivers/STM32U5xx_HAL_Driver/stm32u5xx_ll_dlyb.o

.debug_rnglists
                0x00000000      0x99c
 .debug_rnglists
                0x00000000       0x4f ./Core/Src/main.o
 .debug_rnglists
                0x0000004f       0x1b ./Core/Src/secure_nsc.o
 .debug_rnglists
                0x0000006a       0x21 ./Core/Src/stm32u5xx_hal_msp.o
 .debug_rnglists
                0x0000008b       0x49 ./Core/Src/stm32u5xx_it.o
 .debug_rnglists
                0x000000d4       0x28 ./Core/Src/system_stm32u5xx_s.o
 .debug_rnglists
                0x000000fc       0x19 ./Core/Startup/startup_stm32u585aiixq.o
 .debug_rnglists
                0x00000115       0xff ./Drivers/STM32U5xx_HAL_Driver/stm32u5xx_hal.o
 .debug_rnglists
                0x00000214      0x110 ./Drivers/STM32U5xx_HAL_Driver/stm32u5xx_hal_cortex.o
 .debug_rnglists
                0x00000324       0x85 ./Drivers/STM32U5xx_HAL_Driver/stm32u5xx_hal_dma.o
 .debug_rnglists
                0x000003a9       0x68 ./Drivers/STM32U5xx_HAL_Driver/stm32u5xx_hal_gpio.o
 .debug_rnglists
                0x00000411       0x96 ./Drivers/STM32U5xx_HAL_Driver/stm32u5xx_hal_gtzc.o
 .debug_rnglists
                0x000004a7       0x7a ./Drivers/STM32U5xx_HAL_Driver/stm32u5xx_hal_icache.o
 .debug_rnglists
                0x00000521      0x142 ./Drivers/STM32U5xx_HAL_Driver/stm32u5xx_hal_ospi.o
 .debug_rnglists
                0x00000663      0x186 ./Drivers/STM32U5xx_HAL_Driver/stm32u5xx_hal_pwr_ex.o
 .debug_rnglists
                0x000007e9       0x80 ./Drivers/STM32U5xx_HAL_Driver/stm32u5xx_hal_rcc.o
 .debug_rnglists
                0x00000869      0x113 ./Drivers/STM32U5xx_HAL_Driver/stm32u5xx_hal_rcc_ex.o
 .debug_rnglists
                0x0000097c       0x20 ./Drivers/STM32U5xx_HAL_Driver/stm32u5xx_ll_dlyb.o

.debug_macro    0x00000000    0x330b0
 .debug_macro   0x00000000      0x294 ./Core/Src/main.o
 .debug_macro   0x00000294      0xade ./Core/Src/main.o
 .debug_macro   0x00000d72       0x16 ./Core/Src/main.o
 .debug_macro   0x00000d88      0x201 ./Core/Src/main.o
 .debug_macro   0x00000f89      0x190 ./Core/Src/main.o
 .debug_macro   0x00001119       0x63 ./Core/Src/main.o
 .debug_macro   0x0000117c       0x2e ./Core/Src/main.o
 .debug_macro   0x000011aa       0x42 ./Core/Src/main.o
 .debug_macro   0x000011ec       0x22 ./Core/Src/main.o
 .debug_macro   0x0000120e       0x8e ./Core/Src/main.o
 .debug_macro   0x0000129c       0x51 ./Core/Src/main.o
 .debug_macro   0x000012ed      0x103 ./Core/Src/main.o
 .debug_macro   0x000013f0       0x6a ./Core/Src/main.o
 .debug_macro   0x0000145a      0x1df ./Core/Src/main.o
 .debug_macro   0x00001639       0x1c ./Core/Src/main.o
 .debug_macro   0x00001655       0x29 ./Core/Src/main.o
 .debug_macro   0x0000167e      0x110 ./Core/Src/main.o
 .debug_macro   0x0000178e     0x17f1 ./Core/Src/main.o
 .debug_macro   0x00002f7f       0x5e ./Core/Src/main.o
 .debug_macro   0x00002fdd    0x23d13 ./Core/Src/main.o
 .debug_macro   0x00026cf0       0x6d ./Core/Src/main.o
 .debug_macro   0x00026d5d     0x393e ./Core/Src/main.o
 .debug_macro   0x0002a69b       0x61 ./Core/Src/main.o
 .debug_macro   0x0002a6fc       0x2a ./Core/Src/main.o
 .debug_macro   0x0002a726       0x43 ./Core/Src/main.o
 .debug_macro   0x0002a769       0x34 ./Core/Src/main.o
 .debug_macro   0x0002a79d      0x370 ./Core/Src/main.o
 .debug_macro   0x0002ab0d       0x16 ./Core/Src/main.o
 .debug_macro   0x0002ab23       0x4a ./Core/Src/main.o
 .debug_macro   0x0002ab6d       0x34 ./Core/Src/main.o
 .debug_macro   0x0002aba1       0x10 ./Core/Src/main.o
 .debug_macro   0x0002abb1       0x58 ./Core/Src/main.o
 .debug_macro   0x0002ac09       0x8e ./Core/Src/main.o
 .debug_macro   0x0002ac97       0x1c ./Core/Src/main.o
 .debug_macro   0x0002acb3      0x185 ./Core/Src/main.o
 .debug_macro   0x0002ae38      0x19b ./Core/Src/main.o
 .debug_macro   0x0002afd3       0x5d ./Core/Src/main.o
 .debug_macro   0x0002b030     0x1c0b ./Core/Src/main.o
 .debug_macro   0x0002cc3b      0x7ff ./Core/Src/main.o
 .debug_macro   0x0002d43a      0x17b ./Core/Src/main.o
 .debug_macro   0x0002d5b5      0x2aa ./Core/Src/main.o
 .debug_macro   0x0002d85f       0xc9 ./Core/Src/main.o
 .debug_macro   0x0002d928      0x420 ./Core/Src/main.o
 .debug_macro   0x0002dd48      0x5a5 ./Core/Src/main.o
 .debug_macro   0x0002e2ed      0x439 ./Core/Src/main.o
 .debug_macro   0x0002e726       0xdd ./Core/Src/main.o
 .debug_macro   0x0002e803      0x1d4 ./Core/Src/main.o
 .debug_macro   0x0002e9d7      0x4b7 ./Core/Src/main.o
 .debug_macro   0x0002ee8e       0xa8 ./Core/Src/main.o
 .debug_macro   0x0002ef36      0x131 ./Core/Src/main.o
 .debug_macro   0x0002f067      0x525 ./Core/Src/main.o
 .debug_macro   0x0002f58c      0x4bf ./Core/Src/main.o
 .debug_macro   0x0002fa4b       0x1c ./Core/Src/main.o
 .debug_macro   0x0002fa67      0x520 ./Core/Src/main.o
 .debug_macro   0x0002ff87      0x1ce ./Core/Src/main.o
 .debug_macro   0x00030155      0x3ae ./Core/Src/main.o
 .debug_macro   0x00030503      0x298 ./Core/Src/secure_nsc.o
 .debug_macro   0x0003079b      0x28e ./Core/Src/stm32u5xx_hal_msp.o
 .debug_macro   0x00030a29      0x298 ./Core/Src/stm32u5xx_it.o
 .debug_macro   0x00030cc1      0x2a5 ./Core/Src/system_stm32u5xx_s.o
 .debug_macro   0x00030f66      0x17f ./Core/Src/system_stm32u5xx_s.o
 .debug_macro   0x000310e5      0x2a9 ./Drivers/STM32U5xx_HAL_Driver/stm32u5xx_hal.o
 .debug_macro   0x0003138e      0x285 ./Drivers/STM32U5xx_HAL_Driver/stm32u5xx_hal_cortex.o
 .debug_macro   0x00031613      0x286 ./Drivers/STM32U5xx_HAL_Driver/stm32u5xx_hal_dma.o
 .debug_macro   0x00031899      0x2ba ./Drivers/STM32U5xx_HAL_Driver/stm32u5xx_hal_gpio.o
 .debug_macro   0x00031b53      0x352 ./Drivers/STM32U5xx_HAL_Driver/stm32u5xx_hal_gtzc.o
 .debug_macro   0x00031ea5      0x2b7 ./Drivers/STM32U5xx_HAL_Driver/stm32u5xx_hal_icache.o
 .debug_macro   0x0003215c      0x2cc ./Drivers/STM32U5xx_HAL_Driver/stm32u5xx_hal_ospi.o
 .debug_macro   0x00032428      0x2b0 ./Drivers/STM32U5xx_HAL_Driver/stm32u5xx_hal_pwr_ex.o
 .debug_macro   0x000326d8      0x38b ./Drivers/STM32U5xx_HAL_Driver/stm32u5xx_hal_rcc.o
 .debug_macro   0x00032a63      0x3b6 ./Drivers/STM32U5xx_HAL_Driver/stm32u5xx_hal_rcc_ex.o
 .debug_macro   0x00032e19      0x297 ./Drivers/STM32U5xx_HAL_Driver/stm32u5xx_ll_dlyb.o

.debug_line     0x00000000    0x10263
 .debug_line    0x00000000      0xb25 ./Core/Src/main.o
 .debug_line    0x00000b25      0x827 ./Core/Src/secure_nsc.o
 .debug_line    0x0000134c      0x88d ./Core/Src/stm32u5xx_hal_msp.o
 .debug_line    0x00001bd9      0x8a3 ./Core/Src/stm32u5xx_it.o
 .debug_line    0x0000247c      0x991 ./Core/Src/system_stm32u5xx_s.o
 .debug_line    0x00002e0d       0x79 ./Core/Startup/startup_stm32u585aiixq.o
 .debug_line    0x00002e86      0xd2f ./Drivers/STM32U5xx_HAL_Driver/stm32u5xx_hal.o
 .debug_line    0x00003bb5      0xf69 ./Drivers/STM32U5xx_HAL_Driver/stm32u5xx_hal_cortex.o
 .debug_line    0x00004b1e     0x134e ./Drivers/STM32U5xx_HAL_Driver/stm32u5xx_hal_dma.o
 .debug_line    0x00005e6c      0xe73 ./Drivers/STM32U5xx_HAL_Driver/stm32u5xx_hal_gpio.o
 .debug_line    0x00006cdf     0x1a9e ./Drivers/STM32U5xx_HAL_Driver/stm32u5xx_hal_gtzc.o
 .debug_line    0x0000877d      0xb0f ./Drivers/STM32U5xx_HAL_Driver/stm32u5xx_hal_icache.o
 .debug_line    0x0000928c     0x1b3b ./Drivers/STM32U5xx_HAL_Driver/stm32u5xx_hal_ospi.o
 .debug_line    0x0000adc7     0x11a9 ./Drivers/STM32U5xx_HAL_Driver/stm32u5xx_hal_pwr_ex.o
 .debug_line    0x0000bf70     0x16d6 ./Drivers/STM32U5xx_HAL_Driver/stm32u5xx_hal_rcc.o
 .debug_line    0x0000d646     0x2312 ./Drivers/STM32U5xx_HAL_Driver/stm32u5xx_hal_rcc_ex.o
 .debug_line    0x0000f958      0x90b ./Drivers/STM32U5xx_HAL_Driver/stm32u5xx_ll_dlyb.o

.debug_str      0x00000000   0x13fb73
 .debug_str     0x00000000   0x13fb73 ./Core/Src/main.o
                             0x1380fc (size before relaxing)
 .debug_str     0x0013fb73   0x13738e ./Core/Src/secure_nsc.o
 .debug_str     0x0013fb73   0x137e19 ./Core/Src/stm32u5xx_hal_msp.o
 .debug_str     0x0013fb73   0x1372fe ./Core/Src/stm32u5xx_it.o
 .debug_str     0x0013fb73   0x137c71 ./Core/Src/system_stm32u5xx_s.o
 .debug_str     0x0013fb73       0x8f ./Core/Startup/startup_stm32u585aiixq.o
 .debug_str     0x0013fb73   0x138516 ./Drivers/STM32U5xx_HAL_Driver/stm32u5xx_hal.o
 .debug_str     0x0013fb73   0x138323 ./Drivers/STM32U5xx_HAL_Driver/stm32u5xx_hal_cortex.o
 .debug_str     0x0013fb73   0x1379cf ./Drivers/STM32U5xx_HAL_Driver/stm32u5xx_hal_dma.o
 .debug_str     0x0013fb73   0x137697 ./Drivers/STM32U5xx_HAL_Driver/stm32u5xx_hal_gpio.o
 .debug_str     0x0013fb73   0x137f2e ./Drivers/STM32U5xx_HAL_Driver/stm32u5xx_hal_gtzc.o
 .debug_str     0x0013fb73   0x13793a ./Drivers/STM32U5xx_HAL_Driver/stm32u5xx_hal_icache.o
 .debug_str     0x0013fb73   0x13832d ./Drivers/STM32U5xx_HAL_Driver/stm32u5xx_hal_ospi.o
 .debug_str     0x0013fb73   0x137d58 ./Drivers/STM32U5xx_HAL_Driver/stm32u5xx_hal_pwr_ex.o
 .debug_str     0x0013fb73   0x138d52 ./Drivers/STM32U5xx_HAL_Driver/stm32u5xx_hal_rcc.o
 .debug_str     0x0013fb73   0x13a000 ./Drivers/STM32U5xx_HAL_Driver/stm32u5xx_hal_rcc_ex.o
 .debug_str     0x0013fb73   0x137354 ./Drivers/STM32U5xx_HAL_Driver/stm32u5xx_ll_dlyb.o

.comment        0x00000000       0x43
 .comment       0x00000000       0x43 ./Core/Src/main.o
                                 0x44 (size before relaxing)
 .comment       0x00000043       0x44 ./Core/Src/secure_nsc.o
 .comment       0x00000043       0x44 ./Core/Src/stm32u5xx_hal_msp.o
 .comment       0x00000043       0x44 ./Core/Src/stm32u5xx_it.o
 .comment       0x00000043       0x44 ./Core/Src/system_stm32u5xx_s.o
 .comment       0x00000043       0x44 ./Drivers/STM32U5xx_HAL_Driver/stm32u5xx_hal.o
 .comment       0x00000043       0x44 ./Drivers/STM32U5xx_HAL_Driver/stm32u5xx_hal_cortex.o
 .comment       0x00000043       0x44 ./Drivers/STM32U5xx_HAL_Driver/stm32u5xx_hal_dma.o
 .comment       0x00000043       0x44 ./Drivers/STM32U5xx_HAL_Driver/stm32u5xx_hal_gpio.o
 .comment       0x00000043       0x44 ./Drivers/STM32U5xx_HAL_Driver/stm32u5xx_hal_gtzc.o
 .comment       0x00000043       0x44 ./Drivers/STM32U5xx_HAL_Driver/stm32u5xx_hal_icache.o
 .comment       0x00000043       0x44 ./Drivers/STM32U5xx_HAL_Driver/stm32u5xx_hal_ospi.o
 .comment       0x00000043       0x44 ./Drivers/STM32U5xx_HAL_Driver/stm32u5xx_hal_pwr_ex.o
 .comment       0x00000043       0x44 ./Drivers/STM32U5xx_HAL_Driver/stm32u5xx_hal_rcc.o
 .comment       0x00000043       0x44 ./Drivers/STM32U5xx_HAL_Driver/stm32u5xx_hal_rcc_ex.o
 .comment       0x00000043       0x44 ./Drivers/STM32U5xx_HAL_Driver/stm32u5xx_ll_dlyb.o

.debug_frame    0x00000000     0x3350
 .debug_frame   0x00000000      0x160 ./Core/Src/main.o
 .debug_frame   0x00000160       0x5c ./Core/Src/secure_nsc.o
 .debug_frame   0x000001bc       0x88 ./Core/Src/stm32u5xx_hal_msp.o
 .debug_frame   0x00000244      0x11c ./Core/Src/stm32u5xx_it.o
 .debug_frame   0x00000360       0x98 ./Core/Src/system_stm32u5xx_s.o
 .debug_frame   0x000003f8      0x550 ./Drivers/STM32U5xx_HAL_Driver/stm32u5xx_hal.o
 .debug_frame   0x00000948      0x640 ./Drivers/STM32U5xx_HAL_Driver/stm32u5xx_hal_cortex.o
 .debug_frame   0x00000f88      0x2c8 ./Drivers/STM32U5xx_HAL_Driver/stm32u5xx_hal_dma.o
 .debug_frame   0x00001250      0x23c ./Drivers/STM32U5xx_HAL_Driver/stm32u5xx_hal_gpio.o
 .debug_frame   0x0000148c      0x32c ./Drivers/STM32U5xx_HAL_Driver/stm32u5xx_hal_gtzc.o
 .debug_frame   0x000017b8      0x298 ./Drivers/STM32U5xx_HAL_Driver/stm32u5xx_hal_icache.o
 .debug_frame   0x00001a50      0x768 ./Drivers/STM32U5xx_HAL_Driver/stm32u5xx_hal_ospi.o
 .debug_frame   0x000021b8      0x84c ./Drivers/STM32U5xx_HAL_Driver/stm32u5xx_hal_pwr_ex.o
 .debug_frame   0x00002a04      0x288 ./Drivers/STM32U5xx_HAL_Driver/stm32u5xx_hal_rcc.o
 .debug_frame   0x00002c8c      0x5f4 ./Drivers/STM32U5xx_HAL_Driver/stm32u5xx_hal_rcc_ex.o
 .debug_frame   0x00003280       0x84 ./Drivers/STM32U5xx_HAL_Driver/stm32u5xx_ll_dlyb.o
 .debug_frame   0x00003304       0x20 /home/bea/st/stm32cubeide_1.19.0/plugins/com.st.stm32cube.ide.mcu.externaltools.gnu-tools-for-stm32.13.3.rel1.linux64_1.0.0.202410170706/tools/bin/../lib/gcc/arm-none-eabi/13.3.1/../../../../arm-none-eabi/lib/thumb/v8-m.main+fp/hard/libc_nano.a(libc_a-memset.o)
 .debug_frame   0x00003324       0x2c /home/bea/st/stm32cubeide_1.19.0/plugins/com.st.stm32cube.ide.mcu.externaltools.gnu-tools-for-stm32.13.3.rel1.linux64_1.0.0.202410170706/tools/bin/../lib/gcc/arm-none-eabi/13.3.1/../../../../arm-none-eabi/lib/thumb/v8-m.main+fp/hard/libc_nano.a(libc_a-init.o)

.debug_line_str
                0x00000000       0x73
 .debug_line_str
                0x00000000       0x73 ./Core/Startup/startup_stm32u585aiixq.o
